../Core/Src/main.c:69:6:delay	16	static
../Core/Src/main.c:86:6:HAL_TIM_IC_CaptureCallback	16	static
../Core/Src/main.c:123:6:HCSR04_Read	8	static
../Core/Src/main.c:136:5:main	8	static
../Core/Src/main.c:210:6:SystemClock_Config	88	static
../Core/Src/main.c:256:13:MX_ADC1_Init	24	static
../Core/Src/main.c:308:13:MX_CAN1_Init	48	static
../Core/Src/main.c:356:13:MX_TIM1_Init	32	static
../Core/Src/main.c:405:13:MX_GPIO_Init	48	static
../Core/Src/main.c:450:6:Error_Handler	4	static,ignoring_inline_asm
