Archive member included to satisfy reference by file (symbol)

/opt/st/stm32cubeide_1.16.0/plugins/com.st.stm32cube.ide.mcu.externaltools.gnu-tools-for-stm32.12.3.rel1.linux64_1.0.200.202406132123/tools/bin/../lib/gcc/arm-none-eabi/12.3.1/../../../../arm-none-eabi/lib/thumb/v7e-m+fp/hard/libc_nano.a(libc_a-exit.o)
                              /opt/st/stm32cubeide_1.16.0/plugins/com.st.stm32cube.ide.mcu.externaltools.gnu-tools-for-stm32.12.3.rel1.linux64_1.0.200.202406132123/tools/bin/../lib/gcc/arm-none-eabi/12.3.1/../../../../arm-none-eabi/lib/thumb/v7e-m+fp/hard/crt0.o (exit)
/opt/st/stm32cubeide_1.16.0/plugins/com.st.stm32cube.ide.mcu.externaltools.gnu-tools-for-stm32.12.3.rel1.linux64_1.0.200.202406132123/tools/bin/../lib/gcc/arm-none-eabi/12.3.1/../../../../arm-none-eabi/lib/thumb/v7e-m+fp/hard/libc_nano.a(libc_a-findfp.o)
                              /opt/st/stm32cubeide_1.16.0/plugins/com.st.stm32cube.ide.mcu.externaltools.gnu-tools-for-stm32.12.3.rel1.linux64_1.0.200.202406132123/tools/bin/../lib/gcc/arm-none-eabi/12.3.1/../../../../arm-none-eabi/lib/thumb/v7e-m+fp/hard/libc_nano.a(libc_a-exit.o) (__stdio_exit_handler)
/opt/st/stm32cubeide_1.16.0/plugins/com.st.stm32cube.ide.mcu.externaltools.gnu-tools-for-stm32.12.3.rel1.linux64_1.0.200.202406132123/tools/bin/../lib/gcc/arm-none-eabi/12.3.1/../../../../arm-none-eabi/lib/thumb/v7e-m+fp/hard/libc_nano.a(libc_a-fwalk.o)
                              /opt/st/stm32cubeide_1.16.0/plugins/com.st.stm32cube.ide.mcu.externaltools.gnu-tools-for-stm32.12.3.rel1.linux64_1.0.200.202406132123/tools/bin/../lib/gcc/arm-none-eabi/12.3.1/../../../../arm-none-eabi/lib/thumb/v7e-m+fp/hard/libc_nano.a(libc_a-findfp.o) (_fwalk_sglue)
/opt/st/stm32cubeide_1.16.0/plugins/com.st.stm32cube.ide.mcu.externaltools.gnu-tools-for-stm32.12.3.rel1.linux64_1.0.200.202406132123/tools/bin/../lib/gcc/arm-none-eabi/12.3.1/../../../../arm-none-eabi/lib/thumb/v7e-m+fp/hard/libc_nano.a(libc_a-sprintf.o)
                              ./Core/Src/main.o (sprintf)
/opt/st/stm32cubeide_1.16.0/plugins/com.st.stm32cube.ide.mcu.externaltools.gnu-tools-for-stm32.12.3.rel1.linux64_1.0.200.202406132123/tools/bin/../lib/gcc/arm-none-eabi/12.3.1/../../../../arm-none-eabi/lib/thumb/v7e-m+fp/hard/libc_nano.a(libc_a-stdio.o)
                              /opt/st/stm32cubeide_1.16.0/plugins/com.st.stm32cube.ide.mcu.externaltools.gnu-tools-for-stm32.12.3.rel1.linux64_1.0.200.202406132123/tools/bin/../lib/gcc/arm-none-eabi/12.3.1/../../../../arm-none-eabi/lib/thumb/v7e-m+fp/hard/libc_nano.a(libc_a-findfp.o) (__sread)
/opt/st/stm32cubeide_1.16.0/plugins/com.st.stm32cube.ide.mcu.externaltools.gnu-tools-for-stm32.12.3.rel1.linux64_1.0.200.202406132123/tools/bin/../lib/gcc/arm-none-eabi/12.3.1/../../../../arm-none-eabi/lib/thumb/v7e-m+fp/hard/libc_nano.a(libc_a-memset.o)
                              /opt/st/stm32cubeide_1.16.0/plugins/com.st.stm32cube.ide.mcu.externaltools.gnu-tools-for-stm32.12.3.rel1.linux64_1.0.200.202406132123/tools/bin/../lib/gcc/arm-none-eabi/12.3.1/../../../../arm-none-eabi/lib/thumb/v7e-m+fp/hard/crt0.o (memset)
/opt/st/stm32cubeide_1.16.0/plugins/com.st.stm32cube.ide.mcu.externaltools.gnu-tools-for-stm32.12.3.rel1.linux64_1.0.200.202406132123/tools/bin/../lib/gcc/arm-none-eabi/12.3.1/../../../../arm-none-eabi/lib/thumb/v7e-m+fp/hard/libc_nano.a(libc_a-closer.o)
                              /opt/st/stm32cubeide_1.16.0/plugins/com.st.stm32cube.ide.mcu.externaltools.gnu-tools-for-stm32.12.3.rel1.linux64_1.0.200.202406132123/tools/bin/../lib/gcc/arm-none-eabi/12.3.1/../../../../arm-none-eabi/lib/thumb/v7e-m+fp/hard/libc_nano.a(libc_a-stdio.o) (_close_r)
/opt/st/stm32cubeide_1.16.0/plugins/com.st.stm32cube.ide.mcu.externaltools.gnu-tools-for-stm32.12.3.rel1.linux64_1.0.200.202406132123/tools/bin/../lib/gcc/arm-none-eabi/12.3.1/../../../../arm-none-eabi/lib/thumb/v7e-m+fp/hard/libc_nano.a(libc_a-reent.o)
                              /opt/st/stm32cubeide_1.16.0/plugins/com.st.stm32cube.ide.mcu.externaltools.gnu-tools-for-stm32.12.3.rel1.linux64_1.0.200.202406132123/tools/bin/../lib/gcc/arm-none-eabi/12.3.1/../../../../arm-none-eabi/lib/thumb/v7e-m+fp/hard/libc_nano.a(libc_a-closer.o) (errno)
/opt/st/stm32cubeide_1.16.0/plugins/com.st.stm32cube.ide.mcu.externaltools.gnu-tools-for-stm32.12.3.rel1.linux64_1.0.200.202406132123/tools/bin/../lib/gcc/arm-none-eabi/12.3.1/../../../../arm-none-eabi/lib/thumb/v7e-m+fp/hard/libc_nano.a(libc_a-impure.o)
                              /opt/st/stm32cubeide_1.16.0/plugins/com.st.stm32cube.ide.mcu.externaltools.gnu-tools-for-stm32.12.3.rel1.linux64_1.0.200.202406132123/tools/bin/../lib/gcc/arm-none-eabi/12.3.1/../../../../arm-none-eabi/lib/thumb/v7e-m+fp/hard/libc_nano.a(libc_a-sprintf.o) (_impure_ptr)
/opt/st/stm32cubeide_1.16.0/plugins/com.st.stm32cube.ide.mcu.externaltools.gnu-tools-for-stm32.12.3.rel1.linux64_1.0.200.202406132123/tools/bin/../lib/gcc/arm-none-eabi/12.3.1/../../../../arm-none-eabi/lib/thumb/v7e-m+fp/hard/libc_nano.a(libc_a-lseekr.o)
[...]
Memory Configuration

Name             Origin             Length             Attributes
CCMRAM           0x10000000         0x00010000         xrw
RAM              0x20000000         0x00020000         xrw
FLASH            0x08000000         0x00100000         xr
*default*        0x00000000         0xffffffff

Linker script and memory map

LOAD /opt/st/stm32cubeide_1.16.0/plugins/com.st.stm32cube.ide.mcu.externaltools.gnu-tools-for-stm32.12.3.rel1.linux64_1.0.200.202406132123/tools/bin/../lib/gcc/arm-none-eabi/12.3.1/thumb/v7e-m+fp/hard/crti.o
LOAD /opt/st/stm32cubeide_1.16.0/plugins/com.st.stm32cube.ide.mcu.externaltools.gnu-tools-for-stm32.12.3.rel1.linux64_1.0.200.202406132123/tools/bin/../lib/gcc/arm-none-eabi/12.3.1/thumb/v7e-m+fp/hard/crtbegin.o
LOAD /opt/st/stm32cubeide_1.16.0/plugins/com.st.stm32cube.ide.mcu.externaltools.gnu-tools-for-stm32.12.3.rel1.linux64_1.0.200.202406132123/tools/bin/../lib/gcc/arm-none-eabi/12.3.1/../../../../arm-none-eabi/lib/thumb/v7e-m+fp/hard/crt0.o
LOAD ./Core/Src/i2c-lcd.o
LOAD ./Core/Src/main.o
LOAD ./Core/Src/stm32f4xx_hal_msp.o
LOAD ./Core/Src/stm32f4xx_it.o
LOAD ./Core/Src/syscalls.o
LOAD ./Core/Src/sysmem.o
LOAD ./Core/Src/system_stm32f4xx.o
LOAD ./Core/Startup/startup_stm32f407vgtx.o
LOAD ./Drivers/STM32F4xx_HAL_Driver/Src/stm32f4xx_hal.o
LOAD ./Drivers/STM32F4xx_HAL_Driver/Src/stm32f4xx_hal_can.o
LOAD ./Drivers/STM32F4xx_HAL_Driver/Src/stm32f4xx_hal_cortex.o
LOAD ./Drivers/STM32F4xx_HAL_Driver/Src/stm32f4xx_hal_dma.o
LOAD ./Drivers/STM32F4xx_HAL_Driver/Src/stm32f4xx_hal_dma_ex.o
LOAD ./Drivers/STM32F4xx_HAL_Driver/Src/stm32f4xx_hal_exti.o
LOAD ./Drivers/STM32F4xx_HAL_Driver/Src/stm32f4xx_hal_flash.o
LOAD ./Drivers/STM32F4xx_HAL_Driver/Src/stm32f4xx_hal_flash_ex.o
LOAD ./Drivers/STM32F4xx_HAL_Driver/Src/stm32f4xx_hal_flash_ramfunc.o
LOAD ./Drivers/STM32F4xx_HAL_Driver/Src/stm32f4xx_hal_gpio.o
LOAD ./Drivers/STM32F4xx_HAL_Driver/Src/stm32f4xx_hal_i2c.o
LOAD ./Drivers/STM32F4xx_HAL_Driver/Src/stm32f4xx_hal_i2c_ex.o
LOAD ./Drivers/STM32F4xx_HAL_Driver/Src/stm32f4xx_hal_pwr.o
LOAD ./Drivers/STM32F4xx_HAL_Driver/Src/stm32f4xx_hal_pwr_ex.o
LOAD ./Drivers/STM32F4xx_HAL_Driver/Src/stm32f4xx_hal_rcc.o
LOAD ./Drivers/STM32F4xx_HAL_Driver/Src/stm32f4xx_hal_rcc_ex.o
LOAD ./Drivers/STM32F4xx_HAL_Driver/Src/stm32f4xx_hal_tim.o
LOAD ./Drivers/STM32F4xx_HAL_Driver/Src/stm32f4xx_hal_tim_ex.o
START GROUP
LOAD /opt/st/stm32cubeide_1.16.0/plugins/com.st.stm32cube.ide.mcu.externaltools.gnu-tools-for-stm32.12.3.rel1.linux64_1.0.200.202406132123/tools/bin/../lib/gcc/arm-none-eabi/12.3.1/../../../../arm-none-eabi/lib/thumb/v7e-m+fp/hard/libc_nano.a
LOAD /opt/st/stm32cubeide_1.16.0/plugins/com.st.stm32cube.ide.mcu.externaltools.gnu-tools-for-stm32.12.3.rel1.linux64_1.0.200.202406132123/tools/bin/../lib/gcc/arm-none-eabi/12.3.1/../../../../arm-none-eabi/lib/thumb/v7e-m+fp/hard/libm.a
END GROUP
START GROUP
LOAD /opt/st/stm32cubeide_1.16.0/plugins/com.st.stm32cube.ide.mcu.externaltools.gnu-tools-for-stm32.12.3.rel1.linux64_1.0.200.202406132123/tools/bin/../lib/gcc/arm-none-eabi/12.3.1/thumb/v7e-m+fp/hard/libgcc.a
LOAD /opt/st/stm32cubeide_1.16.0/plugins/com.st.stm32cube.ide.mcu.externaltools.gnu-tools-for-stm32.12.3.rel1.linux64_1.0.200.202406132123/tools/bin/../lib/gcc/arm-none-eabi/12.3.1/../../../../arm-none-eabi/lib/thumb/v7e-m+fp/hard/libc_nano.a
END GROUP
START GROUP
LOAD /opt/st/stm32cubeide_1.16.0/plugins/com.st.stm32cube.ide.mcu.externaltools.gnu-tools-for-stm32.12.3.rel1.linux64_1.0.200.202406132123/tools/bin/../lib/gcc/arm-none-eabi/12.3.1/thumb/v7e-m+fp/hard/libgcc.a
LOAD /opt/st/stm32cubeide_1.16.0/plugins/com.st.stm32cube.ide.mcu.externaltools.gnu-tools-for-stm32.12.3.rel1.linux64_1.0.200.202406132123/tools/bin/../lib/gcc/arm-none-eabi/12.3.1/../../../../arm-none-eabi/lib/thumb/v7e-m+fp/hard/libc_nano.a
LOAD /opt/st/stm32cubeide_1.16.0/plugins/com.st.stm32cube.ide.mcu.externaltools.gnu-tools-for-stm32.12.3.rel1.linux64_1.0.200.202406132123/tools/bin/../lib/gcc/arm-none-eabi/12.3.1/../../../../arm-none-eabi/lib/thumb/v7e-m+fp/hard/libnosys.a
END GROUP
START GROUP
LOAD /opt/st/stm32cubeide_1.16.0/plugins/com.st.stm32cube.ide.mcu.externaltools.gnu-tools-for-stm32.12.3.rel1.linux64_1.0.200.202406132123/tools/bin/../lib/gcc/arm-none-eabi/12.3.1/thumb/v7e-m+fp/hard/libgcc.a
LOAD /opt/st/stm32cubeide_1.16.0/plugins/com.st.stm32cube.ide.mcu.externaltools.gnu-tools-for-stm32.12.3.rel1.linux64_1.0.200.202406132123/tools/bin/../lib/gcc/arm-none-eabi/12.3.1/../../../../arm-none-eabi/lib/thumb/v7e-m+fp/hard/libc_nano.a
LOAD /opt/st/stm32cubeide_1.16.0/plugins/com.st.stm32cube.ide.mcu.externaltools.gnu-tools-for-stm32.12.3.rel1.linux64_1.0.200.202406132123/tools/bin/../lib/gcc/arm-none-eabi/12.3.1/../../../../arm-none-eabi/lib/thumb/v7e-m+fp/hard/libnosys.a
END GROUP
LOAD /opt/st/stm32cubeide_1.16.0/plugins/com.st.stm32cube.ide.mcu.externaltools.gnu-tools-for-stm32.12.3.rel1.linux64_1.0.200.202406132123/tools/bin/../lib/gcc/arm-none-eabi/12.3.1/thumb/v7e-m+fp/hard/crtend.o
LOAD /opt/st/stm32cubeide_1.16.0/plugins/com.st.stm32cube.ide.mcu.externaltools.gnu-tools-for-stm32.12.3.rel1.linux64_1.0.200.202406132123/tools/bin/../lib/gcc/arm-none-eabi/12.3.1/thumb/v7e-m+fp/hard/crtn.o
                0x20020000                        _estack = (ORIGIN (RAM) + LENGTH (RAM))
                0x00000200                        _Min_Heap_Size = 0x200
                0x00000400                        _Min_Stack_Size = 0x400

.isr_vector     0x08000000      0x188
                0x08000000                        . = ALIGN (0x4)
 *(.isr_vector)
 .isr_vector    0x08000000      0x188 ./Core/Startup/startup_stm32f407vgtx.o
                0x08000000                g_pfnVectors
                0x08000188                        . = ALIGN (0x4)

.text           0x08000190     0x3998
                0x08000190                        . = ALIGN (0x4)
 *(.text)
 .text          0x08000190       0x40 /opt/st/stm32cubeide_1.16.0/plugins/com.st.stm32cube.ide.mcu.externaltools.gnu-tools-for-stm32.12.3.rel1.linux64_1.0.200.202406132123/tools/bin/../lib/gcc/arm-none-eabi/12.3.1/thumb/v7e-m+fp/hard/crtbegin.o
 .text          0x080001d0       0xa0 /opt/st/stm32cubeide_1.16.0/plugins/com.st.stm32cube.ide.mcu.externaltools.gnu-tools-for-stm32.12.3.rel1.linux64_1.0.200.202406132123/tools/bin/../lib/gcc/arm-none-eabi/12.3.1/../../../../arm-none-eabi/lib/thumb/v7e-m+fp/hard/libc_nano.a(libc_a-memchr.o)
                0x080001d0                memchr
 .text          0x08000270       0x30 /opt/st/stm32cubeide_1.16.0/plugins/com.st.stm32cube.ide.mcu.externaltools.gnu-tools-for-stm32.12.3.rel1.linux64_1.0.200.202406132123/tools/bin/../lib/gcc/arm-none-eabi/12.3.1/thumb/v7e-m+fp/hard/libgcc.a(_aeabi_uldivmod.o)
                0x08000270                __aeabi_uldivmod
 .text          0x080002a0      0x2bc /opt/st/stm32cubeide_1.16.0/plugins/com.st.stm32cube.ide.mcu.externaltools.gnu-tools-for-stm32.12.3.rel1.linux64_1.0.200.202406132123/tools/bin/../lib/gcc/arm-none-eabi/12.3.1/thumb/v7e-m+fp/hard/libgcc.a(_udivmoddi4.o)
                0x080002a0                __udivmoddi4
 .text          0x0800055c        0x4 /opt/st/stm32cubeide_1.16.0/plugins/com.st.stm32cube.ide.mcu.externaltools.gnu-tools-for-stm32.12.3.rel1.linux64_1.0.200.202406132123/tools/bin/../lib/gcc/arm-none-eabi/12.3.1/thumb/v7e-m+fp/hard/libgcc.a(_dvmd_tls.o)
                0x0800055c                __aeabi_ldiv0
                0x0800055c                __aeabi_idiv0
 *(.text*)
 .text.lcd_send_cmd
                0x08000560       0x60 ./Core/Src/i2c-lcd.o
                0x08000560                lcd_send_cmd
 .text.lcd_send_data
                0x080005c0       0x60 ./Core/Src/i2c-lcd.o
                0x080005c0                lcd_send_data
 .text.lcd_clear
                0x08000620       0x2e ./Core/Src/i2c-lcd.o
                0x08000620                lcd_clear
 .text.lcd_init
                0x0800064e       0x7a ./Core/Src/i2c-lcd.o
                0x0800064e                lcd_init
 .text.lcd_send_string
                0x080006c8       0x2a ./Core/Src/i2c-lcd.o
                0x080006c8                lcd_send_string
 *fill*         0x080006f2        0x2 
 .text.HAL_CAN_RxFifo0MsgPendingCallback
                0x080006f4       0x38 ./Core/Src/main.o
                0x080006f4                HAL_CAN_RxFifo0MsgPendingCallback
 .text.main     0x0800072c      0x114 ./Core/Src/main.o
                0x0800072c                main
 .text.SystemClock_Config
                0x08000840       0xd4 ./Core/Src/main.o
                0x08000840                SystemClock_Config
 .text.MX_CAN1_Init
                0x08000914       0xa8 ./Core/Src/main.o
 .text.MX_I2C1_Init
                0x080009bc       0x5c ./Core/Src/main.o
 .text.MX_GPIO_Init
                0x08000a18       0xa4 ./Core/Src/main.o
 .text.Error_Handler
                0x08000abc        0xc ./Core/Src/main.o
                0x08000abc                Error_Handler
 .text.HAL_MspInit
                0x08000ac8       0x50 ./Core/Src/stm32f4xx_hal_msp.o
                0x08000ac8                HAL_MspInit
 .text.HAL_CAN_MspInit
                0x08000b18       0xa0 ./Core/Src/stm32f4xx_hal_msp.o
                0x08000b18                HAL_CAN_MspInit
 .text.HAL_I2C_MspInit
                0x08000bb8       0x90 ./Core/Src/stm32f4xx_hal_msp.o
                0x08000bb8                HAL_I2C_MspInit
 .text.NMI_Handler
                0x08000c48        0x8 ./Core/Src/stm32f4xx_it.o
                0x08000c48                NMI_Handler
 .text.HardFault_Handler
                0x08000c50        0x8 ./Core/Src/stm32f4xx_it.o
                0x08000c50                HardFault_Handler
 .text.MemManage_Handler
                0x08000c58        0x8 ./Core/Src/stm32f4xx_it.o
                0x08000c58                MemManage_Handler
 .text.BusFault_Handler
                0x08000c60        0x8 ./Core/Src/stm32f4xx_it.o
                0x08000c60                BusFault_Handler
 .text.UsageFault_Handler
                0x08000c68        0x8 ./Core/Src/stm32f4xx_it.o
                0x08000c68                UsageFault_Handler
 .text.SVC_Handler
                0x08000c70        0xe ./Core/Src/stm32f4xx_it.o
                0x08000c70                SVC_Handler
 .text.DebugMon_Handler
                0x08000c7e        0xe ./Core/Src/stm32f4xx_it.o
                0x08000c7e                DebugMon_Handler
 .text.PendSV_Handler
                0x08000c8c        0xe ./Core/Src/stm32f4xx_it.o
                0x08000c8c                PendSV_Handler
 .text.SysTick_Handler
                0x08000c9a        0xc ./Core/Src/stm32f4xx_it.o
                0x08000c9a                SysTick_Handler
 *fill*         0x08000ca6        0x2 
 .text.CAN1_RX0_IRQHandler
                0x08000ca8       0x14 ./Core/Src/stm32f4xx_it.o
                0x08000ca8                CAN1_RX0_IRQHandler
 .text._sbrk    0x08000cbc       0x6c ./Core/Src/sysmem.o
                0x08000cbc                _sbrk
 .text.SystemInit
                0x08000d28       0x24 ./Core/Src/system_stm32f4xx.o
                0x08000d28                SystemInit
 .text.Reset_Handler
                0x08000d4c       0x50 ./Core/Startup/startup_stm32f407vgtx.o
                0x08000d4c                Reset_Handler
 .text.Default_Handler
                0x08000d9c        0x2 ./Core/Startup/startup_stm32f407vgtx.o
                0x08000d9c                RTC_Alarm_IRQHandler
                0x08000d9c                HASH_RNG_IRQHandler
                0x08000d9c                EXTI2_IRQHandler
                0x08000d9c                TIM8_CC_IRQHandler
                0x08000d9c                TIM1_CC_IRQHandler
                0x08000d9c                DMA2_Stream5_IRQHandler
                0x08000d9c                DMA1_Stream5_IRQHandler
                0x08000d9c                PVD_IRQHandler
                0x08000d9c                SDIO_IRQHandler
                0x08000d9c                TAMP_STAMP_IRQHandler
                0x08000d9c                CAN2_RX1_IRQHandler
                0x08000d9c                EXTI3_IRQHandler
                0x08000d9c                TIM8_TRG_COM_TIM14_IRQHandler
                0x08000d9c                TIM1_UP_TIM10_IRQHandler
                0x08000d9c                TIM8_UP_TIM13_IRQHandler
                0x08000d9c                I2C3_ER_IRQHandler
                0x08000d9c                EXTI0_IRQHandler
                0x08000d9c                I2C2_EV_IRQHandler
                0x08000d9c                DMA1_Stream2_IRQHandler
                0x08000d9c                FPU_IRQHandler
                0x08000d9c                OTG_HS_WKUP_IRQHandler
                0x08000d9c                CAN2_SCE_IRQHandler
                0x08000d9c                DMA2_Stream2_IRQHandler
                0x08000d9c                SPI1_IRQHandler
                0x08000d9c                TIM6_DAC_IRQHandler
                0x08000d9c                TIM1_BRK_TIM9_IRQHandler
                0x08000d9c                DCMI_IRQHandler
                0x08000d9c                CAN2_RX0_IRQHandler
                0x08000d9c                DMA2_Stream3_IRQHandler
                0x08000d9c                USART6_IRQHandler
                0x08000d9c                USART3_IRQHandler
                0x08000d9c                CAN1_RX1_IRQHandler
                0x08000d9c                UART5_IRQHandler
                0x08000d9c                DMA2_Stream0_IRQHandler
                0x08000d9c                TIM4_IRQHandler
                0x08000d9c                I2C1_EV_IRQHandler
                0x08000d9c                DMA1_Stream6_IRQHandler
                0x08000d9c                DMA1_Stream1_IRQHandler
                0x08000d9c                UART4_IRQHandler
                0x08000d9c                TIM3_IRQHandler
                0x08000d9c                RCC_IRQHandler
                0x08000d9c                TIM8_BRK_TIM12_IRQHandler
                0x08000d9c                Default_Handler
                0x08000d9c                EXTI15_10_IRQHandler
                0x08000d9c                ADC_IRQHandler
                0x08000d9c                DMA1_Stream7_IRQHandler
                0x08000d9c                TIM7_IRQHandler
                0x08000d9c                CAN2_TX_IRQHandler
                0x08000d9c                TIM5_IRQHandler
                0x08000d9c                DMA2_Stream7_IRQHandler
                0x08000d9c                I2C3_EV_IRQHandler
                0x08000d9c                EXTI9_5_IRQHandler
                0x08000d9c                RTC_WKUP_IRQHandler
                0x08000d9c                ETH_WKUP_IRQHandler
                0x08000d9c                SPI2_IRQHandler
                0x08000d9c                OTG_HS_EP1_IN_IRQHandler
                0x08000d9c                DMA1_Stream0_IRQHandler
                0x08000d9c                CAN1_TX_IRQHandler
                0x08000d9c                EXTI4_IRQHandler
                0x08000d9c                FSMC_IRQHandler
                0x08000d9c                ETH_IRQHandler
                0x08000d9c                OTG_HS_EP1_OUT_IRQHandler
                0x08000d9c                WWDG_IRQHandler
                0x08000d9c                TIM2_IRQHandler
                0x08000d9c                OTG_FS_WKUP_IRQHandler
                0x08000d9c                TIM1_TRG_COM_TIM11_IRQHandler
                0x08000d9c                OTG_HS_IRQHandler
                0x08000d9c                EXTI1_IRQHandler
                0x08000d9c                USART2_IRQHandler
                0x08000d9c                I2C2_ER_IRQHandler
                0x08000d9c                DMA2_Stream1_IRQHandler
                0x08000d9c                CAN1_SCE_IRQHandler
                0x08000d9c                FLASH_IRQHandler
                0x08000d9c                DMA2_Stream4_IRQHandler
                0x08000d9c                USART1_IRQHandler
                0x08000d9c                OTG_FS_IRQHandler
                0x08000d9c                SPI3_IRQHandler
                0x08000d9c                DMA1_Stream4_IRQHandler
                0x08000d9c                I2C1_ER_IRQHandler
                0x08000d9c                DMA2_Stream6_IRQHandler
                0x08000d9c                DMA1_Stream3_IRQHandler
 *fill*         0x08000d9e        0x2 
 .text.HAL_Init
                0x08000da0       0x44 ./Drivers/STM32F4xx_HAL_Driver/Src/stm32f4xx_hal.o
                0x08000da0                HAL_Init
 .text.HAL_InitTick
                0x08000de4       0x60 ./Drivers/STM32F4xx_HAL_Driver/Src/stm32f4xx_hal.o
                0x08000de4                HAL_InitTick
 .text.HAL_IncTick
                0x08000e44       0x28 ./Drivers/STM32F4xx_HAL_Driver/Src/stm32f4xx_hal.o
                0x08000e44                HAL_IncTick
 .text.HAL_GetTick
                0x08000e6c       0x18 ./Drivers/STM32F4xx_HAL_Driver/Src/stm32f4xx_hal.o
                0x08000e6c                HAL_GetTick
 .text.HAL_Delay
                0x08000e84       0x48 ./Drivers/STM32F4xx_HAL_Driver/Src/stm32f4xx_hal.o
                0x08000e84                HAL_Delay
 .text.HAL_CAN_Init
                0x08000ecc      0x1f6 ./Drivers/STM32F4xx_HAL_Driver/Src/stm32f4xx_hal_can.o
                0x08000ecc                HAL_CAN_Init
 *fill*         0x080010c2        0x2 
 .text.HAL_CAN_ConfigFilter
                0x080010c4      0x1c0 ./Drivers/STM32F4xx_HAL_Driver/Src/stm32f4xx_hal_can.o
                0x080010c4                HAL_CAN_ConfigFilter
 .text.HAL_CAN_Start
                0x08001284       0x88 ./Drivers/STM32F4xx_HAL_Driver/Src/stm32f4xx_hal_can.o
                0x08001284                HAL_CAN_Start
 .text.HAL_CAN_GetRxMessage
                0x0800130c      0x244 ./Drivers/STM32F4xx_HAL_Driver/Src/stm32f4xx_hal_can.o
                0x0800130c                HAL_CAN_GetRxMessage
 .text.HAL_CAN_ActivateNotification
                0x08001550       0x4c ./Drivers/STM32F4xx_HAL_Driver/Src/stm32f4xx_hal_can.o
                0x08001550                HAL_CAN_ActivateNotification
 .text.HAL_CAN_IRQHandler
                0x0800159c      0x36e ./Drivers/STM32F4xx_HAL_Driver/Src/stm32f4xx_hal_can.o
                0x0800159c                HAL_CAN_IRQHandler
 .text.HAL_CAN_TxMailbox0CompleteCallback
                0x0800190a       0x14 ./Drivers/STM32F4xx_HAL_Driver/Src/stm32f4xx_hal_can.o
                0x0800190a                HAL_CAN_TxMailbox0CompleteCallback
 .text.HAL_CAN_TxMailbox1CompleteCallback
                0x0800191e       0x14 ./Drivers/STM32F4xx_HAL_Driver/Src/stm32f4xx_hal_can.o
                0x0800191e                HAL_CAN_TxMailbox1CompleteCallback
 .text.HAL_CAN_TxMailbox2CompleteCallback
                0x08001932       0x14 ./Drivers/STM32F4xx_HAL_Driver/Src/stm32f4xx_hal_can.o
                0x08001932                HAL_CAN_TxMailbox2CompleteCallback
 .text.HAL_CAN_TxMailbox0AbortCallback
                0x08001946       0x14 ./Drivers/STM32F4xx_HAL_Driver/Src/stm32f4xx_hal_can.o
                0x08001946                HAL_CAN_TxMailbox0AbortCallback
 .text.HAL_CAN_TxMailbox1AbortCallback
                0x0800195a       0x14 ./Drivers/STM32F4xx_HAL_Driver/Src/stm32f4xx_hal_can.o
                0x0800195a                HAL_CAN_TxMailbox1AbortCallback
 .text.HAL_CAN_TxMailbox2AbortCallback
                0x0800196e       0x14 ./Drivers/STM32F4xx_HAL_Driver/Src/stm32f4xx_hal_can.o
                0x0800196e                HAL_CAN_TxMailbox2AbortCallback
 .text.HAL_CAN_RxFifo0FullCallback
                0x08001982       0x14 ./Drivers/STM32F4xx_HAL_Driver/Src/stm32f4xx_hal_can.o
                0x08001982                HAL_CAN_RxFifo0FullCallback
 .text.HAL_CAN_RxFifo1MsgPendingCallback
                0x08001996       0x14 ./Drivers/STM32F4xx_HAL_Driver/Src/stm32f4xx_hal_can.o
                0x08001996                HAL_CAN_RxFifo1MsgPendingCallback
 .text.HAL_CAN_RxFifo1FullCallback
                0x080019aa       0x14 ./Drivers/STM32F4xx_HAL_Driver/Src/stm32f4xx_hal_can.o
                0x080019aa                HAL_CAN_RxFifo1FullCallback
 .text.HAL_CAN_SleepCallback
                0x080019be       0x14 ./Drivers/STM32F4xx_HAL_Driver/Src/stm32f4xx_hal_can.o
                0x080019be                HAL_CAN_SleepCallback
 .text.HAL_CAN_WakeUpFromRxMsgCallback
                0x080019d2       0x14 ./Drivers/STM32F4xx_HAL_Driver/Src/stm32f4xx_hal_can.o
                0x080019d2                HAL_CAN_WakeUpFromRxMsgCallback
 .text.HAL_CAN_ErrorCallback
                0x080019e6       0x14 ./Drivers/STM32F4xx_HAL_Driver/Src/stm32f4xx_hal_can.o
                0x080019e6                HAL_CAN_ErrorCallback
 *fill*         0x080019fa        0x2 
 .text.__NVIC_SetPriorityGrouping
                0x080019fc       0x48 ./Drivers/STM32F4xx_HAL_Driver/Src/stm32f4xx_hal_cortex.o
 .text.__NVIC_GetPriorityGrouping
                0x08001a44       0x1c ./Drivers/STM32F4xx_HAL_Driver/Src/stm32f4xx_hal_cortex.o
 .text.__NVIC_EnableIRQ
                0x08001a60       0x3c ./Drivers/STM32F4xx_HAL_Driver/Src/stm32f4xx_hal_cortex.o
 .text.__NVIC_SetPriority
                0x08001a9c       0x54 ./Drivers/STM32F4xx_HAL_Driver/Src/stm32f4xx_hal_cortex.o
 .text.NVIC_EncodePriority
                0x08001af0       0x66 ./Drivers/STM32F4xx_HAL_Driver/Src/stm32f4xx_hal_cortex.o
 *fill*         0x08001b56        0x2 
 .text.SysTick_Config
                0x08001b58       0x44 ./Drivers/STM32F4xx_HAL_Driver/Src/stm32f4xx_hal_cortex.o
 .text.HAL_NVIC_SetPriorityGrouping
                0x08001b9c       0x16 ./Drivers/STM32F4xx_HAL_Driver/Src/stm32f4xx_hal_cortex.o
                0x08001b9c                HAL_NVIC_SetPriorityGrouping
 .text.HAL_NVIC_SetPriority
                0x08001bb2       0x38 ./Drivers/STM32F4xx_HAL_Driver/Src/stm32f4xx_hal_cortex.o
                0x08001bb2                HAL_NVIC_SetPriority
 .text.HAL_NVIC_EnableIRQ
                0x08001bea       0x1c ./Drivers/STM32F4xx_HAL_Driver/Src/stm32f4xx_hal_cortex.o
                0x08001bea                HAL_NVIC_EnableIRQ
 .text.HAL_SYSTICK_Config
                0x08001c06       0x18 ./Drivers/STM32F4xx_HAL_Driver/Src/stm32f4xx_hal_cortex.o
                0x08001c06                HAL_SYSTICK_Config
 *fill*         0x08001c1e        0x2 
 .text.HAL_GPIO_Init
                0x08001c20      0x338 ./Drivers/STM32F4xx_HAL_Driver/Src/stm32f4xx_hal_gpio.o
                0x08001c20                HAL_GPIO_Init
 .text.HAL_GPIO_WritePin
                0x08001f58       0x32 ./Drivers/STM32F4xx_HAL_Driver/Src/stm32f4xx_hal_gpio.o
                0x08001f58                HAL_GPIO_WritePin
 *fill*         0x08001f8a        0x2 
 .text.HAL_I2C_Init
                0x08001f8c      0x288 ./Drivers/STM32F4xx_HAL_Driver/Src/stm32f4xx_hal_i2c.o
                0x08001f8c                HAL_I2C_Init
 .text.HAL_I2C_Master_Transmit
                0x08002214      0x1fc ./Drivers/STM32F4xx_HAL_Driver/Src/stm32f4xx_hal_i2c.o
                0x08002214                HAL_I2C_Master_Transmit
 .text.I2C_MasterRequestWrite
                0x08002410      0x104 ./Drivers/STM32F4xx_HAL_Driver/Src/stm32f4xx_hal_i2c.o
 .text.I2C_WaitOnFlagUntilTimeout
                0x08002514       0xf4 ./Drivers/STM32F4xx_HAL_Driver/Src/stm32f4xx_hal_i2c.o
 .text.I2C_WaitOnMasterAddressFlagUntilTimeout
                0x08002608      0x140 ./Drivers/STM32F4xx_HAL_Driver/Src/stm32f4xx_hal_i2c.o
 .text.I2C_WaitOnTXEFlagUntilTimeout
                0x08002748       0x90 ./Drivers/STM32F4xx_HAL_Driver/Src/stm32f4xx_hal_i2c.o
 .text.I2C_WaitOnBTFFlagUntilTimeout
                0x080027d8       0x90 ./Drivers/STM32F4xx_HAL_Driver/Src/stm32f4xx_hal_i2c.o
 .text.I2C_IsAcknowledgeFailed
                0x08002868       0x5e ./Drivers/STM32F4xx_HAL_Driver/Src/stm32f4xx_hal_i2c.o
 *fill*         0x080028c6        0x2 
 .text.HAL_RCC_OscConfig
                0x080028c8      0x4f0 ./Drivers/STM32F4xx_HAL_Driver/Src/stm32f4xx_hal_rcc.o
                0x080028c8                HAL_RCC_OscConfig
 .text.HAL_RCC_ClockConfig
                0x08002db8      0x1cc ./Drivers/STM32F4xx_HAL_Driver/Src/stm32f4xx_hal_rcc.o
                0x08002db8                HAL_RCC_ClockConfig
 .text.HAL_RCC_GetSysClockFreq
                0x08002f84      0x20c ./Drivers/STM32F4xx_HAL_Driver/Src/stm32f4xx_hal_rcc.o
                0x08002f84                HAL_RCC_GetSysClockFreq
 .text.HAL_RCC_GetHCLKFreq
                0x08003190       0x18 ./Drivers/STM32F4xx_HAL_Driver/Src/stm32f4xx_hal_rcc.o
                0x08003190                HAL_RCC_GetHCLKFreq
 .text.HAL_RCC_GetPCLK1Freq
                0x080031a8       0x28 ./Drivers/STM32F4xx_HAL_Driver/Src/stm32f4xx_hal_rcc.o
                0x080031a8                HAL_RCC_GetPCLK1Freq
 .text.sprintf  0x080031d0       0x40 /opt/st/stm32cubeide_1.16.0/plugins/com.st.stm32cube.ide.mcu.externaltools.gnu-tools-for-stm32.12.3.rel1.linux64_1.0.200.202406132123/tools/bin/../lib/gcc/arm-none-eabi/12.3.1/../../../../arm-none-eabi/lib/thumb/v7e-m+fp/hard/libc_nano.a(libc_a-sprintf.o)
                0x080031d0                sprintf
                0x080031d0                siprintf
 .text.memset   0x08003210       0x10 /opt/st/stm32cubeide_1.16.0/plugins/com.st.stm32cube.ide.mcu.externaltools.gnu-tools-for-stm32.12.3.rel1.linux64_1.0.200.202406132123/tools/bin/../lib/gcc/arm-none-eabi/12.3.1/../../../../arm-none-eabi/lib/thumb/v7e-m+fp/hard/libc_nano.a(libc_a-memset.o)
                0x08003210                memset
 .text.__errno  0x08003220        0xc /opt/st/stm32cubeide_1.16.0/plugins/com.st.stm32cube.ide.mcu.externaltools.gnu-tools-for-stm32.12.3.rel1.linux64_1.0.200.202406132123/tools/bin/../lib/gcc/arm-none-eabi/12.3.1/../../../../arm-none-eabi/lib/thumb/v7e-m+fp/hard/libc_nano.a(libc_a-errno.o)
                0x08003220                __errno
 .text.__libc_init_array
                0x0800322c       0x48 /opt/st/stm32cubeide_1.16.0/plugins/com.st.stm32cube.ide.mcu.externaltools.gnu-tools-for-stm32.12.3.rel1.linux64_1.0.200.202406132123/tools/bin/../lib/gcc/arm-none-eabi/12.3.1/../../../../arm-none-eabi/lib/thumb/v7e-m+fp/hard/libc_nano.a(libc_a-init.o)
                0x0800322c                __libc_init_array
 .text.__retarget_lock_acquire_recursive
                0x08003274        0x2 /opt/st/stm32cubeide_1.16.0/plugins/com.st.stm32cube.ide.mcu.externaltools.gnu-tools-for-stm32.12.3.rel1.linux64_1.0.200.202406132123/tools/bin/../lib/gcc/arm-none-eabi/12.3.1/../../../../arm-none-eabi/lib/thumb/v7e-m+fp/hard/libc_nano.a(libc_a-lock.o)
                0x08003274                __retarget_lock_acquire_recursive
 .text.__retarget_lock_release_recursive
                0x08003276        0x2 /opt/st/stm32cubeide_1.16.0/plugins/com.st.stm32cube.ide.mcu.externaltools.gnu-tools-for-stm32.12.3.rel1.linux64_1.0.200.202406132123/tools/bin/../lib/gcc/arm-none-eabi/12.3.1/../../../../arm-none-eabi/lib/thumb/v7e-m+fp/hard/libc_nano.a(libc_a-lock.o)
                0x08003276                __retarget_lock_release_recursive
 .text._free_r  0x08003278       0x94 /opt/st/stm32cubeide_1.16.0/plugins/com.st.stm32cube.ide.mcu.externaltools.gnu-tools-for-stm32.12.3.rel1.linux64_1.0.200.202406132123/tools/bin/../lib/gcc/arm-none-eabi/12.3.1/../../../../arm-none-eabi/lib/thumb/v7e-m+fp/hard/libc_nano.a(libc_a-freer.o)
                0x08003278                _free_r
 .text.sbrk_aligned
                0x0800330c       0x44 /opt/st/stm32cubeide_1.16.0/plugins/com.st.stm32cube.ide.mcu.externaltools.gnu-tools-for-stm32.12.3.rel1.linux64_1.0.200.202406132123/tools/bin/../lib/gcc/arm-none-eabi/12.3.1/../../../../arm-none-eabi/lib/thumb/v7e-m+fp/hard/libc_nano.a(libc_a-mallocr.o)
 .text._malloc_r
                0x08003350      0x100 /opt/st/stm32cubeide_1.16.0/plugins/com.st.stm32cube.ide.mcu.externaltools.gnu-tools-for-stm32.12.3.rel1.linux64_1.0.200.202406132123/tools/bin/../lib/gcc/arm-none-eabi/12.3.1/../../../../arm-none-eabi/lib/thumb/v7e-m+fp/hard/libc_nano.a(libc_a-mallocr.o)
                0x08003350                _malloc_r
 .text.__malloc_lock
                0x08003450        0xc /opt/st/stm32cubeide_1.16.0/plugins/com.st.stm32cube.ide.mcu.externaltools.gnu-tools-for-stm32.12.3.rel1.linux64_1.0.200.202406132123/tools/bin/../lib/gcc/arm-none-eabi/12.3.1/../../../../arm-none-eabi/lib/thumb/v7e-m+fp/hard/libc_nano.a(libc_a-mlock.o)
                0x08003450                __malloc_lock
 .text.__malloc_unlock
                0x0800345c        0xc /opt/st/stm32cubeide_1.16.0/plugins/com.st.stm32cube.ide.mcu.externaltools.gnu-tools-for-stm32.12.3.rel1.linux64_1.0.200.202406132123/tools/bin/../lib/gcc/arm-none-eabi/12.3.1/../../../../arm-none-eabi/lib/thumb/v7e-m+fp/hard/libc_nano.a(libc_a-mlock.o)
                0x0800345c                __malloc_unlock
 .text.__ssputs_r
                0x08003468       0xb6 /opt/st/stm32cubeide_1.16.0/plugins/com.st.stm32cube.ide.mcu.externaltools.gnu-tools-for-stm32.12.3.rel1.linux64_1.0.200.202406132123/tools/bin/../lib/gcc/arm-none-eabi/12.3.1/../../../../arm-none-eabi/lib/thumb/v7e-m+fp/hard/libc_nano.a(libc_a-nano-svfprintf.o)
                0x08003468                __ssputs_r
 *fill*         0x0800351e        0x2 
 .text._svfprintf_r
                0x08003520      0x1f8 /opt/st/stm32cubeide_1.16.0/plugins/com.st.stm32cube.ide.mcu.externaltools.gnu-tools-for-stm32.12.3.rel1.linux64_1.0.200.202406132123/tools/bin/../lib/gcc/arm-none-eabi/12.3.1/../../../../arm-none-eabi/lib/thumb/v7e-m+fp/hard/libc_nano.a(libc_a-nano-svfprintf.o)
                0x08003520                _svfprintf_r
                0x08003520                _svfiprintf_r
 .text._printf_common
                0x08003718       0xda /opt/st/stm32cubeide_1.16.0/plugins/com.st.stm32cube.ide.mcu.externaltools.gnu-tools-for-stm32.12.3.rel1.linux64_1.0.200.202406132123/tools/bin/../lib/gcc/arm-none-eabi/12.3.1/../../../../arm-none-eabi/lib/thumb/v7e-m+fp/hard/libc_nano.a(libc_a-nano-vfprintf_i.o)
                0x08003718                _printf_common
 *fill*         0x080037f2        0x2 
 .text._printf_i
                0x080037f4      0x240 /opt/st/stm32cubeide_1.16.0/plugins/com.st.stm32cube.ide.mcu.externaltools.gnu-tools-for-stm32.12.3.rel1.linux64_1.0.200.202406132123/tools/bin/../lib/gcc/arm-none-eabi/12.3.1/../../../../arm-none-eabi/lib/thumb/v7e-m+fp/hard/libc_nano.a(libc_a-nano-vfprintf_i.o)
                0x080037f4                _printf_i
 .text.memmove  0x08003a34       0x34 /opt/st/stm32cubeide_1.16.0/plugins/com.st.stm32cube.ide.mcu.externaltools.gnu-tools-for-stm32.12.3.rel1.linux64_1.0.200.202406132123/tools/bin/../lib/gcc/arm-none-eabi/12.3.1/../../../../arm-none-eabi/lib/thumb/v7e-m+fp/hard/libc_nano.a(libc_a-memmove.o)
                0x08003a34                memmove
 .text._sbrk_r  0x08003a68       0x20 /opt/st/stm32cubeide_1.16.0/plugins/com.st.stm32cube.ide.mcu.externaltools.gnu-tools-for-stm32.12.3.rel1.linux64_1.0.200.202406132123/tools/bin/../lib/gcc/arm-none-eabi/12.3.1/../../../../arm-none-eabi/lib/thumb/v7e-m+fp/hard/libc_nano.a(libc_a-sbrkr.o)
                0x08003a68                _sbrk_r
 .text.memcpy   0x08003a88       0x1c /opt/st/stm32cubeide_1.16.0/plugins/com.st.stm32cube.ide.mcu.externaltools.gnu-tools-for-stm32.12.3.rel1.linux64_1.0.200.202406132123/tools/bin/../lib/gcc/arm-none-eabi/12.3.1/../../../../arm-none-eabi/lib/thumb/v7e-m+fp/hard/libc_nano.a(libc_a-memcpy-stub.o)
                0x08003a88                memcpy
 .text._realloc_r
                0x08003aa4       0x5c /opt/st/stm32cubeide_1.16.0/plugins/com.st.stm32cube.ide.mcu.externaltools.gnu-tools-for-stm32.12.3.rel1.linux64_1.0.200.202406132123/tools/bin/../lib/gcc/arm-none-eabi/12.3.1/../../../../arm-none-eabi/lib/thumb/v7e-m+fp/hard/libc_nano.a(libc_a-reallocr.o)
                0x08003aa4                _realloc_r
 .text._malloc_usable_size_r
                0x08003b00       0x10 /opt/st/stm32cubeide_1.16.0/plugins/com.st.stm32cube.ide.mcu.externaltools.gnu-tools-for-stm32.12.3.rel1.linux64_1.0.200.202406132123/tools/bin/../lib/gcc/arm-none-eabi/12.3.1/../../../../arm-none-eabi/lib/thumb/v7e-m+fp/hard/libc_nano.a(libc_a-msizer.o)
                0x08003b00                _malloc_usable_size_r
 *(.glue_7)
 .glue_7        0x08003b10        0x0 linker stubs
 *(.glue_7t)
 .glue_7t       0x08003b10        0x0 linker stubs
 *(.eh_frame)
 .eh_frame      0x08003b10        0x0 /opt/st/stm32cubeide_1.16.0/plugins/com.st.stm32cube.ide.mcu.externaltools.gnu-tools-for-stm32.12.3.rel1.linux64_1.0.200.202406132123/tools/bin/../lib/gcc/arm-none-eabi/12.3.1/thumb/v7e-m+fp/hard/crtbegin.o
 *(.init)
 .init          0x08003b10        0x4 /opt/st/stm32cubeide_1.16.0/plugins/com.st.stm32cube.ide.mcu.externaltools.gnu-tools-for-stm32.12.3.rel1.linux64_1.0.200.202406132123/tools/bin/../lib/gcc/arm-none-eabi/12.3.1/thumb/v7e-m+fp/hard/crti.o
                0x08003b10                _init
 .init          0x08003b14        0x8 /opt/st/stm32cubeide_1.16.0/plugins/com.st.stm32cube.ide.mcu.externaltools.gnu-tools-for-stm32.12.3.rel1.linux64_1.0.200.202406132123/tools/bin/../lib/gcc/arm-none-eabi/12.3.1/thumb/v7e-m+fp/hard/crtn.o
 *(.fini)
 .fini          0x08003b1c        0x4 /opt/st/stm32cubeide_1.16.0/plugins/com.st.stm32cube.ide.mcu.externaltools.gnu-tools-for-stm32.12.3.rel1.linux64_1.0.200.202406132123/tools/bin/../lib/gcc/arm-none-eabi/12.3.1/thumb/v7e-m+fp/hard/crti.o
                0x08003b1c                _fini
 .fini          0x08003b20        0x8 /opt/st/stm32cubeide_1.16.0/plugins/com.st.stm32cube.ide.mcu.externaltools.gnu-tools-for-stm32.12.3.rel1.linux64_1.0.200.202406132123/tools/bin/../lib/gcc/arm-none-eabi/12.3.1/thumb/v7e-m+fp/hard/crtn.o
                0x08003b28                        . = ALIGN (0x4)
                0x08003b28                        _etext = .

.vfp11_veneer   0x08003b28        0x0
 .vfp11_veneer  0x08003b28        0x0 linker stubs

.v4_bx          0x08003b28        0x0
 .v4_bx         0x08003b28        0x0 linker stubs

.iplt           0x08003b28        0x0
 .iplt          0x08003b28        0x0 /opt/st/stm32cubeide_1.16.0/plugins/com.st.stm32cube.ide.mcu.externaltools.gnu-tools-for-stm32.12.3.rel1.linux64_1.0.200.202406132123/tools/bin/../lib/gcc/arm-none-eabi/12.3.1/thumb/v7e-m+fp/hard/crtbegin.o

.rodata         0x08003b28       0x5c
                0x08003b28                        . = ALIGN (0x4)
 *(.rodata)
 .rodata        0x08003b28       0x10 ./Core/Src/main.o
 *(.rodata*)
 .rodata.AHBPrescTable
                0x08003b38       0x10 ./Core/Src/system_stm32f4xx.o
                0x08003b38                AHBPrescTable
 .rodata.APBPrescTable
                0x08003b48        0x8 ./Core/Src/system_stm32f4xx.o
                0x08003b48                APBPrescTable
 .rodata._svfprintf_r.str1.1
                0x08003b50       0x11 /opt/st/stm32cubeide_1.16.0/plugins/com.st.stm32cube.ide.mcu.externaltools.gnu-tools-for-stm32.12.3.rel1.linux64_1.0.200.202406132123/tools/bin/../lib/gcc/arm-none-eabi/12.3.1/../../../../arm-none-eabi/lib/thumb/v7e-m+fp/hard/libc_nano.a(libc_a-nano-svfprintf.o)
 .rodata._printf_i.str1.1
                0x08003b61       0x22 /opt/st/stm32cubeide_1.16.0/plugins/com.st.stm32cube.ide.mcu.externaltools.gnu-tools-for-stm32.12.3.rel1.linux64_1.0.200.202406132123/tools/bin/../lib/gcc/arm-none-eabi/12.3.1/../../../../arm-none-eabi/lib/thumb/v7e-m+fp/hard/libc_nano.a(libc_a-nano-vfprintf_i.o)
                0x08003b84                        . = ALIGN (0x4)
 *fill*         0x08003b83        0x1 

.ARM.extab      0x08003b84        0x0
                0x08003b84                        . = ALIGN (0x4)
 *(.ARM.extab* .gnu.linkonce.armextab.*)
                0x08003b84                        . = ALIGN (0x4)

.ARM            0x08003b84        0x8
                0x08003b84                        . = ALIGN (0x4)
                0x08003b84                        __exidx_start = .
 *(.ARM.exidx*)
 .ARM.exidx     0x08003b84        0x8 /opt/st/stm32cubeide_1.16.0/plugins/com.st.stm32cube.ide.mcu.externaltools.gnu-tools-for-stm32.12.3.rel1.linux64_1.0.200.202406132123/tools/bin/../lib/gcc/arm-none-eabi/12.3.1/../../../../arm-none-eabi/lib/thumb/v7e-m+fp/hard/libc_nano.a(libc_a-memchr.o)
 .ARM.exidx     0x08003b8c        0x0 /opt/st/stm32cubeide_1.16.0/plugins/com.st.stm32cube.ide.mcu.externaltools.gnu-tools-for-stm32.12.3.rel1.linux64_1.0.200.202406132123/tools/bin/../lib/gcc/arm-none-eabi/12.3.1/thumb/v7e-m+fp/hard/libgcc.a(_udivmoddi4.o)
                                  0x8 (size before relaxing)
                0x08003b8c                        __exidx_end = .
                0x08003b8c                        . = ALIGN (0x4)

.preinit_array  0x08003b8c        0x0
                0x08003b8c                        . = ALIGN (0x4)
                0x08003b8c                        PROVIDE (__preinit_array_start = .)
 *(.preinit_array*)
                0x08003b8c                        PROVIDE (__preinit_array_end = .)
                0x08003b8c                        . = ALIGN (0x4)

.init_array     0x08003b8c        0x4
                0x08003b8c                        . = ALIGN (0x4)
                0x08003b8c                        PROVIDE (__init_array_start = .)
 *(SORT_BY_NAME(.init_array.*))
 *(.init_array*)
 .init_array    0x08003b8c        0x4 /opt/st/stm32cubeide_1.16.0/plugins/com.st.stm32cube.ide.mcu.externaltools.gnu-tools-for-stm32.12.3.rel1.linux64_1.0.200.202406132123/tools/bin/../lib/gcc/arm-none-eabi/12.3.1/thumb/v7e-m+fp/hard/crtbegin.o
                0x08003b90                        PROVIDE (__init_array_end = .)
                0x08003b90                        . = ALIGN (0x4)

.fini_array     0x08003b90        0x4
                0x08003b90                        . = ALIGN (0x4)
                [!provide]                        PROVIDE (__fini_array_start = .)
 *(SORT_BY_NAME(.fini_array.*))
 *(.fini_array*)
 .fini_array    0x08003b90        0x4 /opt/st/stm32cubeide_1.16.0/plugins/com.st.stm32cube.ide.mcu.externaltools.gnu-tools-for-stm32.12.3.rel1.linux64_1.0.200.202406132123/tools/bin/../lib/gcc/arm-none-eabi/12.3.1/thumb/v7e-m+fp/hard/crtbegin.o
                [!provide]                        PROVIDE (__fini_array_end = .)
                0x08003b94                        . = ALIGN (0x4)
                0x08003b94                        _sidata = LOADADDR (.data)

.rel.dyn        0x08003b94        0x0
 .rel.iplt      0x08003b94        0x0 /opt/st/stm32cubeide_1.16.0/plugins/com.st.stm32cube.ide.mcu.externaltools.gnu-tools-for-stm32.12.3.rel1.linux64_1.0.200.202406132123/tools/bin/../lib/gcc/arm-none-eabi/12.3.1/thumb/v7e-m+fp/hard/crtbegin.o

.data           0x20000000       0x5c load address 0x08003b94
                0x20000000                        . = ALIGN (0x4)
                0x20000000                        _sdata = .
 *(.data)
 *(.data*)
 .data.SystemCoreClock
                0x20000000        0x4 ./Core/Src/system_stm32f4xx.o
                0x20000000                SystemCoreClock
 .data.uwTickPrio
                0x20000004        0x4 ./Drivers/STM32F4xx_HAL_Driver/Src/stm32f4xx_hal.o
                0x20000004                uwTickPrio
 .data.uwTickFreq
                0x20000008        0x1 ./Drivers/STM32F4xx_HAL_Driver/Src/stm32f4xx_hal.o
                0x20000008                uwTickFreq
 *fill*         0x20000009        0x3 
 .data._impure_ptr
                0x2000000c        0x4 /opt/st/stm32cubeide_1.16.0/plugins/com.st.stm32cube.ide.mcu.externaltools.gnu-tools-for-stm32.12.3.rel1.linux64_1.0.200.202406132123/tools/bin/../lib/gcc/arm-none-eabi/12.3.1/../../../../arm-none-eabi/lib/thumb/v7e-m+fp/hard/libc_nano.a(libc_a-impure.o)
                0x2000000c                _impure_ptr
 .data._impure_data
                0x20000010       0x4c /opt/st/stm32cubeide_1.16.0/plugins/com.st.stm32cube.ide.mcu.externaltools.gnu-tools-for-stm32.12.3.rel1.linux64_1.0.200.202406132123/tools/bin/../lib/gcc/arm-none-eabi/12.3.1/../../../../arm-none-eabi/lib/thumb/v7e-m+fp/hard/libc_nano.a(libc_a-impure.o)
                0x20000010                _impure_data
 *(.RamFunc)
 *(.RamFunc*)
                0x2000005c                        . = ALIGN (0x4)
                0x2000005c                        _edata = .
                0x08003bf0                        _siccmram = LOADADDR (.ccmram)

.igot.plt       0x2000005c        0x0 load address 0x08003bf0
 .igot.plt      0x2000005c        0x0 /opt/st/stm32cubeide_1.16.0/plugins/com.st.stm32cube.ide.mcu.externaltools.gnu-tools-for-stm32.12.3.rel1.linux64_1.0.200.202406132123/tools/bin/../lib/gcc/arm-none-eabi/12.3.1/thumb/v7e-m+fp/hard/crtbegin.o

.ccmram         0x10000000        0x0 load address 0x08003bf0
                0x10000000                        . = ALIGN (0x4)
                0x10000000                        _sccmram = .
 *(.ccmram)
 *(.ccmram*)
                0x10000000                        . = ALIGN (0x4)
                0x10000000                        _eccmram = .
                0x10000000                        . = ALIGN (0x4)

.bss            0x2000005c      0x220
                0x2000005c                        _sbss = .
                0x2000005c                        __bss_start__ = _sbss
 *(.bss)
 .bss           0x2000005c       0x1c /opt/st/stm32cubeide_1.16.0/plugins/com.st.stm32cube.ide.mcu.externaltools.gnu-tools-for-stm32.12.3.rel1.linux64_1.0.200.202406132123/tools/bin/../lib/gcc/arm-none-eabi/12.3.1/thumb/v7e-m+fp/hard/crtbegin.o
 *(.bss*)
 .bss.hcan1     0x20000078       0x28 ./Core/Src/main.o
                0x20000078                hcan1
 .bss.hi2c1     0x200000a0       0x54 ./Core/Src/main.o
                0x200000a0                hi2c1
 .bss.RxHeader  0x200000f4       0x1c ./Core/Src/main.o
                0x200000f4                RxHeader
 .bss.RxData    0x20000110        0x5 ./Core/Src/main.o
                0x20000110                RxData
 *fill*         0x20000115        0x3 
 .bss.str       0x20000118       0x14 ./Core/Src/main.o
                0x20000118                str
 .bss.__sbrk_heap_end
                0x2000012c        0x4 ./Core/Src/sysmem.o
 .bss.uwTick    0x20000130        0x4 ./Drivers/STM32F4xx_HAL_Driver/Src/stm32f4xx_hal.o
                0x20000130                uwTick
 .bss.__sf      0x20000134      0x138 /opt/st/stm32cubeide_1.16.0/plugins/com.st.stm32cube.ide.mcu.externaltools.gnu-tools-for-stm32.12.3.rel1.linux64_1.0.200.202406132123/tools/bin/../lib/gcc/arm-none-eabi/12.3.1/../../../../arm-none-eabi/lib/thumb/v7e-m+fp/hard/libc_nano.a(libc_a-findfp.o)
                0x20000134                __sf
 .bss.errno     0x2000026c        0x4 /opt/st/stm32cubeide_1.16.0/plugins/com.st.stm32cube.ide.mcu.externaltools.gnu-tools-for-stm32.12.3.rel1.linux64_1.0.200.202406132123/tools/bin/../lib/gcc/arm-none-eabi/12.3.1/../../../../arm-none-eabi/lib/thumb/v7e-m+fp/hard/libc_nano.a(libc_a-reent.o)
                0x2000026c                errno
 .bss.__lock___malloc_recursive_mutex
                0x20000270        0x1 /opt/st/stm32cubeide_1.16.0/plugins/com.st.stm32cube.ide.mcu.externaltools.gnu-tools-for-stm32.12.3.rel1.linux64_1.0.200.202406132123/tools/bin/../lib/gcc/arm-none-eabi/12.3.1/../../../../arm-none-eabi/lib/thumb/v7e-m+fp/hard/libc_nano.a(libc_a-lock.o)
                0x20000270                __lock___malloc_recursive_mutex
 *fill*         0x20000271        0x3 
 .bss.__malloc_sbrk_start
                0x20000274        0x4 /opt/st/stm32cubeide_1.16.0/plugins/com.st.stm32cube.ide.mcu.externaltools.gnu-tools-for-stm32.12.3.rel1.linux64_1.0.200.202406132123/tools/bin/../lib/gcc/arm-none-eabi/12.3.1/../../../../arm-none-eabi/lib/thumb/v7e-m+fp/hard/libc_nano.a(libc_a-mallocr.o)
                0x20000274                __malloc_sbrk_start
 .bss.__malloc_free_list
                0x20000278        0x4 /opt/st/stm32cubeide_1.16.0/plugins/com.st.stm32cube.ide.mcu.externaltools.gnu-tools-for-stm32.12.3.rel1.linux64_1.0.200.202406132123/tools/bin/../lib/gcc/arm-none-eabi/12.3.1/../../../../arm-none-eabi/lib/thumb/v7e-m+fp/hard/libc_nano.a(libc_a-mallocr.o)
                0x20000278                __malloc_free_list
 *(COMMON)
                0x2000027c                        . = ALIGN (0x4)
                0x2000027c                        _ebss = .
                0x2000027c                        __bss_end__ = _ebss

._user_heap_stack
                0x2000027c      0x604
                0x20000280                        . = ALIGN (0x8)
 *fill*         0x2000027c        0x4 
                [!provide]                        PROVIDE (end = .)
                0x20000280                        PROVIDE (_end = .)
                0x20000480                        . = (. + _Min_Heap_Size)
 *fill*         0x20000280      0x200 
                0x20000880                        . = (. + _Min_Stack_Size)
 *fill*         0x20000480      0x400 
                0x20000880                        . = ALIGN (0x8)

/DISCARD/
 libc.a(*)
 libm.a(*)
 libgcc.a(*)

.ARM.attributes
                0x00000000       0x30
 *(.ARM.attributes)
 .ARM.attributes
                0x00000000       0x22 /opt/st/stm32cubeide_1.16.0/plugins/com.st.stm32cube.ide.mcu.externaltools.gnu-tools-for-stm32.12.3.rel1.linux64_1.0.200.202406132123/tools/bin/../lib/gcc/arm-none-eabi/12.3.1/thumb/v7e-m+fp/hard/crti.o
 .ARM.attributes
                0x00000022       0x34 /opt/st/stm32cubeide_1.16.0/plugins/com.st.stm32cube.ide.mcu.externaltools.gnu-tools-for-stm32.12.3.rel1.linux64_1.0.200.202406132123/tools/bin/../lib/gcc/arm-none-eabi/12.3.1/thumb/v7e-m+fp/hard/crtbegin.o
 .ARM.attributes
                0x00000056       0x34 ./Core/Src/i2c-lcd.o
 .ARM.attributes
                0x0000008a       0x34 ./Core/Src/main.o
 .ARM.attributes
                0x000000be       0x34 ./Core/Src/stm32f4xx_hal_msp.o
 .ARM.attributes
                0x000000f2       0x34 ./Core/Src/stm32f4xx_it.o
 .ARM.attributes
                0x00000126       0x34 ./Core/Src/sysmem.o
 .ARM.attributes
                0x0000015a       0x34 ./Core/Src/system_stm32f4xx.o
 .ARM.attributes
                0x0000018e       0x21 ./Core/Startup/startup_stm32f407vgtx.o
 .ARM.attributes
                0x000001af       0x34 ./Drivers/STM32F4xx_HAL_Driver/Src/stm32f4xx_hal.o
 .ARM.attributes
                0x000001e3       0x34 ./Drivers/STM32F4xx_HAL_Driver/Src/stm32f4xx_hal_can.o
 .ARM.attributes
                0x00000217       0x34 ./Drivers/STM32F4xx_HAL_Driver/Src/stm32f4xx_hal_cortex.o
 .ARM.attributes
                0x0000024b       0x34 ./Drivers/STM32F4xx_HAL_Driver/Src/stm32f4xx_hal_gpio.o
 .ARM.attributes
                0x0000027f       0x34 ./Drivers/STM32F4xx_HAL_Driver/Src/stm32f4xx_hal_i2c.o
 .ARM.attributes
                0x000002b3       0x34 ./Drivers/STM32F4xx_HAL_Driver/Src/stm32f4xx_hal_rcc.o
 .ARM.attributes
                0x000002e7       0x34 /opt/st/stm32cubeide_1.16.0/plugins/com.st.stm32cube.ide.mcu.externaltools.gnu-tools-for-stm32.12.3.rel1.linux64_1.0.200.202406132123/tools/bin/../lib/gcc/arm-none-eabi/12.3.1/../../../../arm-none-eabi/lib/thumb/v7e-m+fp/hard/libc_nano.a(libc_a-findfp.o)
 .ARM.attributes
                0x0000031b       0x34 /opt/st/stm32cubeide_1.16.0/plugins/com.st.stm32cube.ide.mcu.externaltools.gnu-tools-for-stm32.12.3.rel1.linux64_1.0.200.202406132123/tools/bin/../lib/gcc/arm-none-eabi/12.3.1/../../../../arm-none-eabi/lib/thumb/v7e-m+fp/hard/libc_nano.a(libc_a-sprintf.o)
 .ARM.attributes
                0x0000034f       0x34 /opt/st/stm32cubeide_1.16.0/plugins/com.st.stm32cube.ide.mcu.externaltools.gnu-tools-for-stm32.12.3.rel1.linux64_1.0.200.202406132123/tools/bin/../lib/gcc/arm-none-eabi/12.3.1/../../../../arm-none-eabi/lib/thumb/v7e-m+fp/hard/libc_nano.a(libc_a-memset.o)
 .ARM.attributes
                0x00000383       0x34 /opt/st/stm32cubeide_1.16.0/plugins/com.st.stm32cube.ide.mcu.externaltools.gnu-tools-for-stm32.12.3.rel1.linux64_1.0.200.202406132123/tools/bin/../lib/gcc/arm-none-eabi/12.3.1/../../../../arm-none-eabi/lib/thumb/v7e-m+fp/hard/libc_nano.a(libc_a-reent.o)
 .ARM.attributes
                0x000003b7       0x34 /opt/st/stm32cubeide_1.16.0/plugins/com.st.stm32cube.ide.mcu.externaltools.gnu-tools-for-stm32.12.3.rel1.linux64_1.0.200.202406132123/tools/bin/../lib/gcc/arm-none-eabi/12.3.1/../../../../arm-none-eabi/lib/thumb/v7e-m+fp/hard/libc_nano.a(libc_a-impure.o)
 .ARM.attributes
                0x000003eb       0x34 /opt/st/stm32cubeide_1.16.0/plugins/com.st.stm32cube.ide.mcu.externaltools.gnu-tools-for-stm32.12.3.rel1.linux64_1.0.200.202406132123/tools/bin/../lib/gcc/arm-none-eabi/12.3.1/../../../../arm-none-eabi/lib/thumb/v7e-m+fp/hard/libc_nano.a(libc_a-errno.o)
 .ARM.attributes
                0x0000041f       0x34 /opt/st/stm32cubeide_1.16.0/plugins/com.st.stm32cube.ide.mcu.externaltools.gnu-tools-for-stm32.12.3.rel1.linux64_1.0.200.202406132123/tools/bin/../lib/gcc/arm-none-eabi/12.3.1/../../../../arm-none-eabi/lib/thumb/v7e-m+fp/hard/libc_nano.a(libc_a-init.o)
 .ARM.attributes
                0x00000453       0x34 /opt/st/stm32cubeide_1.16.0/plugins/com.st.stm32cube.ide.mcu.externaltools.gnu-tools-for-stm32.12.3.rel1.linux64_1.0.200.202406132123/tools/bin/../lib/gcc/arm-none-eabi/12.3.1/../../../../arm-none-eabi/lib/thumb/v7e-m+fp/hard/libc_nano.a(libc_a-lock.o)
 .ARM.attributes
                0x00000487       0x34 /opt/st/stm32cubeide_1.16.0/plugins/com.st.stm32cube.ide.mcu.externaltools.gnu-tools-for-stm32.12.3.rel1.linux64_1.0.200.202406132123/tools/bin/../lib/gcc/arm-none-eabi/12.3.1/../../../../arm-none-eabi/lib/thumb/v7e-m+fp/hard/libc_nano.a(libc_a-freer.o)
 .ARM.attributes
                0x000004bb       0x34 /opt/st/stm32cubeide_1.16.0/plugins/com.st.stm32cube.ide.mcu.externaltools.gnu-tools-for-stm32.12.3.rel1.linux64_1.0.200.202406132123/tools/bin/../lib/gcc/arm-none-eabi/12.3.1/../../../../arm-none-eabi/lib/thumb/v7e-m+fp/hard/libc_nano.a(libc_a-mallocr.o)
 .ARM.attributes
                0x000004ef       0x34 /opt/st/stm32cubeide_1.16.0/plugins/com.st.stm32cube.ide.mcu.externaltools.gnu-tools-for-stm32.12.3.rel1.linux64_1.0.200.202406132123/tools/bin/../lib/gcc/arm-none-eabi/12.3.1/../../../../arm-none-eabi/lib/thumb/v7e-m+fp/hard/libc_nano.a(libc_a-mlock.o)
 .ARM.attributes
                0x00000523       0x34 /opt/st/stm32cubeide_1.16.0/plugins/com.st.stm32cube.ide.mcu.externaltools.gnu-tools-for-stm32.12.3.rel1.linux64_1.0.200.202406132123/tools/bin/../lib/gcc/arm-none-eabi/12.3.1/../../../../arm-none-eabi/lib/thumb/v7e-m+fp/hard/libc_nano.a(libc_a-nano-svfprintf.o)
 .ARM.attributes
                0x00000557       0x34 /opt/st/stm32cubeide_1.16.0/plugins/com.st.stm32cube.ide.mcu.externaltools.gnu-tools-for-stm32.12.3.rel1.linux64_1.0.200.202406132123/tools/bin/../lib/gcc/arm-none-eabi/12.3.1/../../../../arm-none-eabi/lib/thumb/v7e-m+fp/hard/libc_nano.a(libc_a-nano-vfprintf_i.o)
 .ARM.attributes
                0x0000058b       0x34 /opt/st/stm32cubeide_1.16.0/plugins/com.st.stm32cube.ide.mcu.externaltools.gnu-tools-for-stm32.12.3.rel1.linux64_1.0.200.202406132123/tools/bin/../lib/gcc/arm-none-eabi/12.3.1/../../../../arm-none-eabi/lib/thumb/v7e-m+fp/hard/libc_nano.a(libc_a-memmove.o)
 .ARM.attributes
                0x000005bf       0x34 /opt/st/stm32cubeide_1.16.0/plugins/com.st.stm32cube.ide.mcu.externaltools.gnu-tools-for-stm32.12.3.rel1.linux64_1.0.200.202406132123/tools/bin/../lib/gcc/arm-none-eabi/12.3.1/../../../../arm-none-eabi/lib/thumb/v7e-m+fp/hard/libc_nano.a(libc_a-sbrkr.o)
 .ARM.attributes
                0x000005f3       0x1c /opt/st/stm32cubeide_1.16.0/plugins/com.st.stm32cube.ide.mcu.externaltools.gnu-tools-for-stm32.12.3.rel1.linux64_1.0.200.202406132123/tools/bin/../lib/gcc/arm-none-eabi/12.3.1/../../../../arm-none-eabi/lib/thumb/v7e-m+fp/hard/libc_nano.a(libc_a-memchr.o)
 .ARM.attributes
                0x0000060f       0x34 /opt/st/stm32cubeide_1.16.0/plugins/com.st.stm32cube.ide.mcu.externaltools.gnu-tools-for-stm32.12.3.rel1.linux64_1.0.200.202406132123/tools/bin/../lib/gcc/arm-none-eabi/12.3.1/../../../../arm-none-eabi/lib/thumb/v7e-m+fp/hard/libc_nano.a(libc_a-memcpy-stub.o)
 .ARM.attributes
                0x00000643       0x34 /opt/st/stm32cubeide_1.16.0/plugins/com.st.stm32cube.ide.mcu.externaltools.gnu-tools-for-stm32.12.3.rel1.linux64_1.0.200.202406132123/tools/bin/../lib/gcc/arm-none-eabi/12.3.1/../../../../arm-none-eabi/lib/thumb/v7e-m+fp/hard/libc_nano.a(libc_a-reallocr.o)
 .ARM.attributes
                0x00000677       0x34 /opt/st/stm32cubeide_1.16.0/plugins/com.st.stm32cube.ide.mcu.externaltools.gnu-tools-for-stm32.12.3.rel1.linux64_1.0.200.202406132123/tools/bin/../lib/gcc/arm-none-eabi/12.3.1/../../../../arm-none-eabi/lib/thumb/v7e-m+fp/hard/libc_nano.a(libc_a-msizer.o)
 .ARM.attributes
                0x000006ab       0x22 /opt/st/stm32cubeide_1.16.0/plugins/com.st.stm32cube.ide.mcu.externaltools.gnu-tools-for-stm32.12.3.rel1.linux64_1.0.200.202406132123/tools/bin/../lib/gcc/arm-none-eabi/12.3.1/thumb/v7e-m+fp/hard/libgcc.a(_aeabi_uldivmod.o)
 .ARM.attributes
                0x000006cd       0x34 /opt/st/stm32cubeide_1.16.0/plugins/com.st.stm32cube.ide.mcu.externaltools.gnu-tools-for-stm32.12.3.rel1.linux64_1.0.200.202406132123/tools/bin/../lib/gcc/arm-none-eabi/12.3.1/thumb/v7e-m+fp/hard/libgcc.a(_udivmoddi4.o)
 .ARM.attributes
                0x00000701       0x22 /opt/st/stm32cubeide_1.16.0/plugins/com.st.stm32cube.ide.mcu.externaltools.gnu-tools-for-stm32.12.3.rel1.linux64_1.0.200.202406132123/tools/bin/../lib/gcc/arm-none-eabi/12.3.1/thumb/v7e-m+fp/hard/libgcc.a(_dvmd_tls.o)
 .ARM.attributes
                0x00000723       0x22 /opt/st/stm32cubeide_1.16.0/plugins/com.st.stm32cube.ide.mcu.externaltools.gnu-tools-for-stm32.12.3.rel1.linux64_1.0.200.202406132123/tools/bin/../lib/gcc/arm-none-eabi/12.3.1/thumb/v7e-m+fp/hard/crtn.o
OUTPUT(Receiver.elf elf32-littlearm)
LOAD linker stubs
LOAD /opt/st/stm32cubeide_1.16.0/plugins/com.st.stm32cube.ide.mcu.externaltools.gnu-tools-for-stm32.12.3.rel1.linux64_1.0.200.202406132123/tools/bin/../lib/gcc/arm-none-eabi/12.3.1/../../../../arm-none-eabi/lib/thumb/v7e-m+fp/hard/libc.a
LOAD /opt/st/stm32cubeide_1.16.0/plugins/com.st.stm32cube.ide.mcu.externaltools.gnu-tools-for-stm32.12.3.rel1.linux64_1.0.200.202406132123/tools/bin/../lib/gcc/arm-none-eabi/12.3.1/../../../../arm-none-eabi/lib/thumb/v7e-m+fp/hard/libm.a
LOAD /opt/st/stm32cubeide_1.16.0/plugins/com.st.stm32cube.ide.mcu.externaltools.gnu-tools-for-stm32.12.3.rel1.linux64_1.0.200.202406132123/tools/bin/../lib/gcc/arm-none-eabi/12.3.1/thumb/v7e-m+fp/hard/libgcc.a

.debug_info     0x00000000     0x8f35
 .debug_info    0x00000000      0x74c ./Core/Src/i2c-lcd.o
 .debug_info    0x0000074c     0x126d ./Core/Src/main.o
 .debug_info    0x000019b9     0x102a ./Core/Src/stm32f4xx_hal_msp.o
 .debug_info    0x000029e3      0x508 ./Core/Src/stm32f4xx_it.o
 .debug_info    0x00002eeb      0x168 ./Core/Src/sysmem.o
 .debug_info    0x00003053      0x512 ./Core/Src/system_stm32f4xx.o
 .debug_info    0x00003565       0x30 ./Core/Startup/startup_stm32f407vgtx.o
 .debug_info    0x00003595      0x944 ./Drivers/STM32F4xx_HAL_Driver/Src/stm32f4xx_hal.o
 .debug_info    0x00003ed9      0xf49 ./Drivers/STM32F4xx_HAL_Driver/Src/stm32f4xx_hal_can.o
 .debug_info    0x00004e22      0xd8c ./Drivers/STM32F4xx_HAL_Driver/Src/stm32f4xx_hal_cortex.o
 .debug_info    0x00005bae      0x6c3 ./Drivers/STM32F4xx_HAL_Driver/Src/stm32f4xx_hal_gpio.o
 .debug_info    0x00006271     0x2415 ./Drivers/STM32F4xx_HAL_Driver/Src/stm32f4xx_hal_i2c.o
 .debug_info    0x00008686      0x8af ./Drivers/STM32F4xx_HAL_Driver/Src/stm32f4xx_hal_rcc.o

.debug_abbrev   0x00000000     0x1920
 .debug_abbrev  0x00000000      0x1eb ./Core/Src/i2c-lcd.o
 .debug_abbrev  0x000001eb      0x2f8 ./Core/Src/main.o
 .debug_abbrev  0x000004e3      0x1f4 ./Core/Src/stm32f4xx_hal_msp.o
 .debug_abbrev  0x000006d7      0x18e ./Core/Src/stm32f4xx_it.o
 .debug_abbrev  0x00000865       0xbc ./Core/Src/sysmem.o
 .debug_abbrev  0x00000921      0x11a ./Core/Src/system_stm32f4xx.o
 .debug_abbrev  0x00000a3b       0x24 ./Core/Startup/startup_stm32f407vgtx.o
 .debug_abbrev  0x00000a5f      0x214 ./Drivers/STM32F4xx_HAL_Driver/Src/stm32f4xx_hal.o
 .debug_abbrev  0x00000c73      0x258 ./Drivers/STM32F4xx_HAL_Driver/Src/stm32f4xx_hal_can.o
 .debug_abbrev  0x00000ecb      0x31d ./Drivers/STM32F4xx_HAL_Driver/Src/stm32f4xx_hal_cortex.o
 .debug_abbrev  0x000011e8      0x1d4 ./Drivers/STM32F4xx_HAL_Driver/Src/stm32f4xx_hal_gpio.o
 .debug_abbrev  0x000013bc      0x2ad ./Drivers/STM32F4xx_HAL_Driver/Src/stm32f4xx_hal_i2c.o
 .debug_abbrev  0x00001669      0x2b7 ./Drivers/STM32F4xx_HAL_Driver/Src/stm32f4xx_hal_rcc.o

.debug_aranges  0x00000000      0x888
 .debug_aranges
                0x00000000       0x40 ./Core/Src/i2c-lcd.o
 .debug_aranges
                0x00000040       0x50 ./Core/Src/main.o
 .debug_aranges
                0x00000090       0x40 ./Core/Src/stm32f4xx_hal_msp.o
 .debug_aranges
                0x000000d0       0x68 ./Core/Src/stm32f4xx_it.o
 .debug_aranges
                0x00000138       0x20 ./Core/Src/sysmem.o
 .debug_aranges
                0x00000158       0x28 ./Core/Src/system_stm32f4xx.o
 .debug_aranges
                0x00000180       0x28 ./Core/Startup/startup_stm32f407vgtx.o
 .debug_aranges
                0x000001a8       0xf0 ./Drivers/STM32F4xx_HAL_Driver/Src/stm32f4xx_hal.o
 .debug_aranges
                0x00000298      0x138 ./Drivers/STM32F4xx_HAL_Driver/Src/stm32f4xx_hal_can.o
 .debug_aranges
                0x000003d0      0x130 ./Drivers/STM32F4xx_HAL_Driver/Src/stm32f4xx_hal_cortex.o
 .debug_aranges
                0x00000500       0x58 ./Drivers/STM32F4xx_HAL_Driver/Src/stm32f4xx_hal_gpio.o
 .debug_aranges
                0x00000558      0x2a8 ./Drivers/STM32F4xx_HAL_Driver/Src/stm32f4xx_hal_i2c.o
 .debug_aranges
                0x00000800       0x88 ./Drivers/STM32F4xx_HAL_Driver/Src/stm32f4xx_hal_rcc.o

.debug_rnglists
                0x00000000      0x680
 .debug_rnglists
                0x00000000       0x2b ./Core/Src/i2c-lcd.o
 .debug_rnglists
                0x0000002b       0x3b ./Core/Src/main.o
 .debug_rnglists
                0x00000066       0x2d ./Core/Src/stm32f4xx_hal_msp.o
 .debug_rnglists
                0x00000093       0x49 ./Core/Src/stm32f4xx_it.o
 .debug_rnglists
                0x000000dc       0x13 ./Core/Src/sysmem.o
 .debug_rnglists
                0x000000ef       0x1a ./Core/Src/system_stm32f4xx.o
 .debug_rnglists
                0x00000109       0x19 ./Core/Startup/startup_stm32f407vgtx.o
 .debug_rnglists
                0x00000122       0xaf ./Drivers/STM32F4xx_HAL_Driver/Src/stm32f4xx_hal.o
 .debug_rnglists
                0x000001d1       0xee ./Drivers/STM32F4xx_HAL_Driver/Src/stm32f4xx_hal_can.o
 .debug_rnglists
                0x000002bf       0xe0 ./Drivers/STM32F4xx_HAL_Driver/Src/stm32f4xx_hal_cortex.o
 .debug_rnglists
                0x0000039f       0x3f ./Drivers/STM32F4xx_HAL_Driver/Src/stm32f4xx_hal_gpio.o
 .debug_rnglists
                0x000003de      0x23c ./Drivers/STM32F4xx_HAL_Driver/Src/stm32f4xx_hal_i2c.o
 .debug_rnglists
                0x0000061a       0x66 ./Drivers/STM32F4xx_HAL_Driver/Src/stm32f4xx_hal_rcc.o

.debug_macro    0x00000000    0x208fc
 .debug_macro   0x00000000      0x1de ./Core/Src/i2c-lcd.o
 .debug_macro   0x000001de      0xab4 ./Core/Src/i2c-lcd.o
 .debug_macro   0x00000c92      0x29b ./Core/Src/i2c-lcd.o
 .debug_macro   0x00000f2d       0x2e ./Core/Src/i2c-lcd.o
 .debug_macro   0x00000f5b       0x2f ./Core/Src/i2c-lcd.o
 .debug_macro   0x00000f8a       0x22 ./Core/Src/i2c-lcd.o
 .debug_macro   0x00000fac       0x8e ./Core/Src/i2c-lcd.o
 .debug_macro   0x0000103a       0x51 ./Core/Src/i2c-lcd.o
 .debug_macro   0x0000108b      0x103 ./Core/Src/i2c-lcd.o
 .debug_macro   0x0000118e       0x6a ./Core/Src/i2c-lcd.o
 .debug_macro   0x000011f8      0x1df ./Core/Src/i2c-lcd.o
 .debug_macro   0x000013d7       0x1c ./Core/Src/i2c-lcd.o
 .debug_macro   0x000013f3       0x22 ./Core/Src/i2c-lcd.o
 .debug_macro   0x00001415       0xfb ./Core/Src/i2c-lcd.o
 .debug_macro   0x00001510     0x1011 ./Core/Src/i2c-lcd.o
 .debug_macro   0x00002521      0x11f ./Core/Src/i2c-lcd.o
 .debug_macro   0x00002640    0x15e97 ./Core/Src/i2c-lcd.o
 .debug_macro   0x000184d7       0x6d ./Core/Src/i2c-lcd.o
 .debug_macro   0x00018544     0x369a ./Core/Src/i2c-lcd.o
 .debug_macro   0x0001bbde      0x189 ./Core/Src/i2c-lcd.o
 .debug_macro   0x0001bd67       0x5c ./Core/Src/i2c-lcd.o
 .debug_macro   0x0001bdc3      0x980 ./Core/Src/i2c-lcd.o
 .debug_macro   0x0001c743      0x9e9 ./Core/Src/i2c-lcd.o
 .debug_macro   0x0001d12c      0x115 ./Core/Src/i2c-lcd.o
 .debug_macro   0x0001d241      0x13e ./Core/Src/i2c-lcd.o
 .debug_macro   0x0001d37f       0xa5 ./Core/Src/i2c-lcd.o
 .debug_macro   0x0001d424      0x174 ./Core/Src/i2c-lcd.o
 .debug_macro   0x0001d598      0x287 ./Core/Src/i2c-lcd.o
 .debug_macro   0x0001d81f       0x5f ./Core/Src/i2c-lcd.o
 .debug_macro   0x0001d87e      0x236 ./Core/Src/i2c-lcd.o
 .debug_macro   0x0001dab4      0x40f ./Core/Src/i2c-lcd.o
 .debug_macro   0x0001dec3      0x12c ./Core/Src/i2c-lcd.o
 .debug_macro   0x0001dfef      0x21e ./Core/Src/i2c-lcd.o
 .debug_macro   0x0001e20d       0x2e ./Core/Src/i2c-lcd.o
 .debug_macro   0x0001e23b      0x1b5 ./Core/Src/i2c-lcd.o
 .debug_macro   0x0001e3f0       0xd6 ./Core/Src/i2c-lcd.o
 .debug_macro   0x0001e4c6      0x127 ./Core/Src/i2c-lcd.o
 .debug_macro   0x0001e5ed       0x7e ./Core/Src/i2c-lcd.o
 .debug_macro   0x0001e66b       0x89 ./Core/Src/i2c-lcd.o
 .debug_macro   0x0001e6f4      0x12d ./Core/Src/i2c-lcd.o
 .debug_macro   0x0001e821      0x2bf ./Core/Src/main.o
 .debug_macro   0x0001eae0       0x10 ./Core/Src/main.o
 .debug_macro   0x0001eaf0       0x61 ./Core/Src/main.o
 .debug_macro   0x0001eb51       0x2a ./Core/Src/main.o
 .debug_macro   0x0001eb7b       0x43 ./Core/Src/main.o
 .debug_macro   0x0001ebbe       0x34 ./Core/Src/main.o
 .debug_macro   0x0001ebf2       0x16 ./Core/Src/main.o
 .debug_macro   0x0001ec08       0x35 ./Core/Src/main.o
 .debug_macro   0x0001ec3d      0x369 ./Core/Src/main.o
 .debug_macro   0x0001efa6       0x10 ./Core/Src/main.o
 .debug_macro   0x0001efb6       0x16 ./Core/Src/main.o
 .debug_macro   0x0001efcc       0x43 ./Core/Src/main.o
 .debug_macro   0x0001f00f       0x34 ./Core/Src/main.o
 .debug_macro   0x0001f043       0x10 ./Core/Src/main.o
 .debug_macro   0x0001f053       0x58 ./Core/Src/main.o
 .debug_macro   0x0001f0ab       0x8e ./Core/Src/main.o
 .debug_macro   0x0001f139       0x1c ./Core/Src/main.o
 .debug_macro   0x0001f155      0x177 ./Core/Src/main.o
 .debug_macro   0x0001f2cc       0x16 ./Core/Src/main.o
 .debug_macro   0x0001f2e2       0x16 ./Core/Src/main.o
 .debug_macro   0x0001f2f8      0x146 ./Core/Src/main.o
 .debug_macro   0x0001f43e      0x1e3 ./Core/Src/stm32f4xx_hal_msp.o
 .debug_macro   0x0001f621      0x1ed ./Core/Src/stm32f4xx_it.o
 .debug_macro   0x0001f80e       0xff ./Core/Src/sysmem.o
 .debug_macro   0x0001f90d      0x23c ./Core/Src/sysmem.o
 .debug_macro   0x0001fb49      0x1d4 ./Core/Src/system_stm32f4xx.o
 .debug_macro   0x0001fd1d      0x234 ./Drivers/STM32F4xx_HAL_Driver/Src/stm32f4xx_hal.o
 .debug_macro   0x0001ff51      0x1e3 ./Drivers/STM32F4xx_HAL_Driver/Src/stm32f4xx_hal_can.o
 .debug_macro   0x00020134      0x1d4 ./Drivers/STM32F4xx_HAL_Driver/Src/stm32f4xx_hal_cortex.o
 .debug_macro   0x00020308      0x1da ./Drivers/STM32F4xx_HAL_Driver/Src/stm32f4xx_hal_gpio.o
 .debug_macro   0x000204e2      0x222 ./Drivers/STM32F4xx_HAL_Driver/Src/stm32f4xx_hal_i2c.o
 .debug_macro   0x00020704      0x1f8 ./Drivers/STM32F4xx_HAL_Driver/Src/stm32f4xx_hal_rcc.o

.debug_line     0x00000000     0xa5a4
 .debug_line    0x00000000      0x747 ./Core/Src/i2c-lcd.o
 .debug_line    0x00000747      0x977 ./Core/Src/main.o
 .debug_line    0x000010be      0x732 ./Core/Src/stm32f4xx_hal_msp.o
 .debug_line    0x000017f0      0x76d ./Core/Src/stm32f4xx_it.o
 .debug_line    0x00001f5d      0x4b8 ./Core/Src/sysmem.o
 .debug_line    0x00002415      0x717 ./Core/Src/system_stm32f4xx.o
 .debug_line    0x00002b2c       0x7a ./Core/Startup/startup_stm32f407vgtx.o
 .debug_line    0x00002ba6      0x980 ./Drivers/STM32F4xx_HAL_Driver/Src/stm32f4xx_hal.o
 .debug_line    0x00003526     0x112f ./Drivers/STM32F4xx_HAL_Driver/Src/stm32f4xx_hal_can.o
 .debug_line    0x00004655      0xc72 ./Drivers/STM32F4xx_HAL_Driver/Src/stm32f4xx_hal_cortex.o
 .debug_line    0x000052c7      0xb0c ./Drivers/STM32F4xx_HAL_Driver/Src/stm32f4xx_hal_gpio.o
 .debug_line    0x00005dd3     0x3ac6 ./Drivers/STM32F4xx_HAL_Driver/Src/stm32f4xx_hal_i2c.o
 .debug_line    0x00009899      0xd0b ./Drivers/STM32F4xx_HAL_Driver/Src/stm32f4xx_hal_rcc.o

.debug_str      0x00000000    0xc52f5
 .debug_str     0x00000000    0xbec0c ./Core/Src/i2c-lcd.o
                              0xbeed9 (size before relaxing)
 .debug_str     0x000bec0c     0x3e2f ./Core/Src/main.o
                              0xc2cdb (size before relaxing)
 .debug_str     0x000c2a3b      0x5b9 ./Core/Src/stm32f4xx_hal_msp.o
                              0xbf7a7 (size before relaxing)
 .debug_str     0x000c2ff4       0xf0 ./Core/Src/stm32f4xx_it.o
                              0xbecb7 (size before relaxing)
 .debug_str     0x000c30e4      0x4dc ./Core/Src/sysmem.o
                               0x60c2 (size before relaxing)
 .debug_str     0x000c35c0       0xdb ./Core/Src/system_stm32f4xx.o
                              0xbeaec (size before relaxing)
 .debug_str     0x000c369b       0x44 ./Core/Startup/startup_stm32f407vgtx.o
                                 0x75 (size before relaxing)
 .debug_str     0x000c36df      0x5f0 ./Drivers/STM32F4xx_HAL_Driver/Src/stm32f4xx_hal.o
                              0xbf670 (size before relaxing)
 .debug_str     0x000c3ccf      0x43d ./Drivers/STM32F4xx_HAL_Driver/Src/stm32f4xx_hal_can.o
                              0xbf1e6 (size before relaxing)
 .debug_str     0x000c410c      0x36b ./Drivers/STM32F4xx_HAL_Driver/Src/stm32f4xx_hal_cortex.o
                              0xbf3ec (size before relaxing)
 .debug_str     0x000c4477      0x121 ./Drivers/STM32F4xx_HAL_Driver/Src/stm32f4xx_hal_gpio.o
                              0xbec67 (size before relaxing)
 .debug_str     0x000c4598      0xb4a ./Drivers/STM32F4xx_HAL_Driver/Src/stm32f4xx_hal_i2c.o
                              0xbfb0a (size before relaxing)
 .debug_str     0x000c50e2      0x213 ./Drivers/STM32F4xx_HAL_Driver/Src/stm32f4xx_hal_rcc.o
                              0xbef20 (size before relaxing)

.comment        0x00000000       0x43
 .comment       0x00000000       0x43 ./Core/Src/i2c-lcd.o
                                 0x44 (size before relaxing)
 .comment       0x00000043       0x44 ./Core/Src/main.o
 .comment       0x00000043       0x44 ./Core/Src/stm32f4xx_hal_msp.o
 .comment       0x00000043       0x44 ./Core/Src/stm32f4xx_it.o
 .comment       0x00000043       0x44 ./Core/Src/sysmem.o
 .comment       0x00000043       0x44 ./Core/Src/system_stm32f4xx.o
 .comment       0x00000043       0x44 ./Drivers/STM32F4xx_HAL_Driver/Src/stm32f4xx_hal.o
 .comment       0x00000043       0x44 ./Drivers/STM32F4xx_HAL_Driver/Src/stm32f4xx_hal_can.o
 .comment       0x00000043       0x44 ./Drivers/STM32F4xx_HAL_Driver/Src/stm32f4xx_hal_cortex.o
 .comment       0x00000043       0x44 ./Drivers/STM32F4xx_HAL_Driver/Src/stm32f4xx_hal_gpio.o
 .comment       0x00000043       0x44 ./Drivers/STM32F4xx_HAL_Driver/Src/stm32f4xx_hal_i2c.o
 .comment       0x00000043       0x44 ./Drivers/STM32F4xx_HAL_Driver/Src/stm32f4xx_hal_rcc.o

.debug_frame    0x00000000     0x27e0
 .debug_frame   0x00000000       0xbc ./Core/Src/i2c-lcd.o
 .debug_frame   0x000000bc       0xf0 ./Core/Src/main.o
 .debug_frame   0x000001ac       0xc4 ./Core/Src/stm32f4xx_hal_msp.o
 .debug_frame   0x00000270      0x120 ./Core/Src/stm32f4xx_it.o
 .debug_frame   0x00000390       0x34 ./Core/Src/sysmem.o
 .debug_frame   0x000003c4       0x58 ./Core/Src/system_stm32f4xx.o
 .debug_frame   0x0000041c      0x374 ./Drivers/STM32F4xx_HAL_Driver/Src/stm32f4xx_hal.o
 .debug_frame   0x00000790      0x5a0 ./Drivers/STM32F4xx_HAL_Driver/Src/stm32f4xx_hal_can.o
 .debug_frame   0x00000d30      0x508 ./Drivers/STM32F4xx_HAL_Driver/Src/stm32f4xx_hal_cortex.o
 .debug_frame   0x00001238      0x14c ./Drivers/STM32F4xx_HAL_Driver/Src/stm32f4xx_hal_gpio.o
 .debug_frame   0x00001384      0xc84 ./Drivers/STM32F4xx_HAL_Driver/Src/stm32f4xx_hal_i2c.o
 .debug_frame   0x00002008      0x1f4 ./Drivers/STM32F4xx_HAL_Driver/Src/stm32f4xx_hal_rcc.o
 .debug_frame   0x000021fc      0x144 /opt/st/stm32cubeide_1.16.0/plugins/com.st.stm32cube.ide.mcu.externaltools.gnu-tools-for-stm32.12.3.rel1.linux64_1.0.200.202406132123/tools/bin/../lib/gcc/arm-none-eabi/12.3.1/../../../../arm-none-eabi/lib/thumb/v7e-m+fp/hard/libc_nano.a(libc_a-findfp.o)
 .debug_frame   0x00002340       0x6c /opt/st/stm32cubeide_1.16.0/plugins/com.st.stm32cube.ide.mcu.externaltools.gnu-tools-for-stm32.12.3.rel1.linux64_1.0.200.202406132123/tools/bin/../lib/gcc/arm-none-eabi/12.3.1/../../../../arm-none-eabi/lib/thumb/v7e-m+fp/hard/libc_nano.a(libc_a-sprintf.o)
 .debug_frame   0x000023ac       0x20 /opt/st/stm32cubeide_1.16.0/plugins/com.st.stm32cube.ide.mcu.externaltools.gnu-tools-for-stm32.12.3.rel1.linux64_1.0.200.202406132123/tools/bin/../lib/gcc/arm-none-eabi/12.3.1/../../../../arm-none-eabi/lib/thumb/v7e-m+fp/hard/libc_nano.a(libc_a-memset.o)
 .debug_frame   0x000023cc       0x38 /opt/st/stm32cubeide_1.16.0/plugins/com.st.stm32cube.ide.mcu.externaltools.gnu-tools-for-stm32.12.3.rel1.linux64_1.0.200.202406132123/tools/bin/../lib/gcc/arm-none-eabi/12.3.1/../../../../arm-none-eabi/lib/thumb/v7e-m+fp/hard/libc_nano.a(libc_a-reent.o)
 .debug_frame   0x00002404       0x20 /opt/st/stm32cubeide_1.16.0/plugins/com.st.stm32cube.ide.mcu.externaltools.gnu-tools-for-stm32.12.3.rel1.linux64_1.0.200.202406132123/tools/bin/../lib/gcc/arm-none-eabi/12.3.1/../../../../arm-none-eabi/lib/thumb/v7e-m+fp/hard/libc_nano.a(libc_a-errno.o)
 .debug_frame   0x00002424       0x2c /opt/st/stm32cubeide_1.16.0/plugins/com.st.stm32cube.ide.mcu.externaltools.gnu-tools-for-stm32.12.3.rel1.linux64_1.0.200.202406132123/tools/bin/../lib/gcc/arm-none-eabi/12.3.1/../../../../arm-none-eabi/lib/thumb/v7e-m+fp/hard/libc_nano.a(libc_a-init.o)
 .debug_frame   0x00002450       0xb0 /opt/st/stm32cubeide_1.16.0/plugins/com.st.stm32cube.ide.mcu.externaltools.gnu-tools-for-stm32.12.3.rel1.linux64_1.0.200.202406132123/tools/bin/../lib/gcc/arm-none-eabi/12.3.1/../../../../arm-none-eabi/lib/thumb/v7e-m+fp/hard/libc_nano.a(libc_a-lock.o)
 .debug_frame   0x00002500       0x38 /opt/st/stm32cubeide_1.16.0/plugins/com.st.stm32cube.ide.mcu.externaltools.gnu-tools-for-stm32.12.3.rel1.linux64_1.0.200.202406132123/tools/bin/../lib/gcc/arm-none-eabi/12.3.1/../../../../arm-none-eabi/lib/thumb/v7e-m+fp/hard/libc_nano.a(libc_a-freer.o)
 .debug_frame   0x00002538       0x50 /opt/st/stm32cubeide_1.16.0/plugins/com.st.stm32cube.ide.mcu.externaltools.gnu-tools-for-stm32.12.3.rel1.linux64_1.0.200.202406132123/tools/bin/../lib/gcc/arm-none-eabi/12.3.1/../../../../arm-none-eabi/lib/thumb/v7e-m+fp/hard/libc_nano.a(libc_a-mallocr.o)
 .debug_frame   0x00002588       0x30 /opt/st/stm32cubeide_1.16.0/plugins/com.st.stm32cube.ide.mcu.externaltools.gnu-tools-for-stm32.12.3.rel1.linux64_1.0.200.202406132123/tools/bin/../lib/gcc/arm-none-eabi/12.3.1/../../../../arm-none-eabi/lib/thumb/v7e-m+fp/hard/libc_nano.a(libc_a-mlock.o)
 .debug_frame   0x000025b8       0x90 /opt/st/stm32cubeide_1.16.0/plugins/com.st.stm32cube.ide.mcu.externaltools.gnu-tools-for-stm32.12.3.rel1.linux64_1.0.200.202406132123/tools/bin/../lib/gcc/arm-none-eabi/12.3.1/../../../../arm-none-eabi/lib/thumb/v7e-m+fp/hard/libc_nano.a(libc_a-nano-svfprintf.o)
 .debug_frame   0x00002648       0x60 /opt/st/stm32cubeide_1.16.0/plugins/com.st.stm32cube.ide.mcu.externaltools.gnu-tools-for-stm32.12.3.rel1.linux64_1.0.200.202406132123/tools/bin/../lib/gcc/arm-none-eabi/12.3.1/../../../../arm-none-eabi/lib/thumb/v7e-m+fp/hard/libc_nano.a(libc_a-nano-vfprintf_i.o)
 .debug_frame   0x000026a8       0x28 /opt/st/stm32cubeide_1.16.0/plugins/com.st.stm32cube.ide.mcu.externaltools.gnu-tools-for-stm32.12.3.rel1.linux64_1.0.200.202406132123/tools/bin/../lib/gcc/arm-none-eabi/12.3.1/../../../../arm-none-eabi/lib/thumb/v7e-m+fp/hard/libc_nano.a(libc_a-memmove.o)
 .debug_frame   0x000026d0       0x2c /opt/st/stm32cubeide_1.16.0/plugins/com.st.stm32cube.ide.mcu.externaltools.gnu-tools-for-stm32.12.3.rel1.linux64_1.0.200.202406132123/tools/bin/../lib/gcc/arm-none-eabi/12.3.1/../../../../arm-none-eabi/lib/thumb/v7e-m+fp/hard/libc_nano.a(libc_a-sbrkr.o)
 .debug_frame   0x000026fc       0x28 /opt/st/stm32cubeide_1.16.0/plugins/com.st.stm32cube.ide.mcu.externaltools.gnu-tools-for-stm32.12.3.rel1.linux64_1.0.200.202406132123/tools/bin/../lib/gcc/arm-none-eabi/12.3.1/../../../../arm-none-eabi/lib/thumb/v7e-m+fp/hard/libc_nano.a(libc_a-memcpy-stub.o)
 .debug_frame   0x00002724       0x3c /opt/st/stm32cubeide_1.16.0/plugins/com.st.stm32cube.ide.mcu.externaltools.gnu-tools-for-stm32.12.3.rel1.linux64_1.0.200.202406132123/tools/bin/../lib/gcc/arm-none-eabi/12.3.1/../../../../arm-none-eabi/lib/thumb/v7e-m+fp/hard/libc_nano.a(libc_a-reallocr.o)
 .debug_frame   0x00002760       0x20 /opt/st/stm32cubeide_1.16.0/plugins/com.st.stm32cube.ide.mcu.externaltools.gnu-tools-for-stm32.12.3.rel1.linux64_1.0.200.202406132123/tools/bin/../lib/gcc/arm-none-eabi/12.3.1/../../../../arm-none-eabi/lib/thumb/v7e-m+fp/hard/libc_nano.a(libc_a-msizer.o)
 .debug_frame   0x00002780       0x2c /opt/st/stm32cubeide_1.16.0/plugins/com.st.stm32cube.ide.mcu.externaltools.gnu-tools-for-stm32.12.3.rel1.linux64_1.0.200.202406132123/tools/bin/../lib/gcc/arm-none-eabi/12.3.1/thumb/v7e-m+fp/hard/libgcc.a(_aeabi_uldivmod.o)
 .debug_frame   0x000027ac       0x34 /opt/st/stm32cubeide_1.16.0/plugins/com.st.stm32cube.ide.mcu.externaltools.gnu-tools-for-stm32.12.3.rel1.linux64_1.0.200.202406132123/tools/bin/../lib/gcc/arm-none-eabi/12.3.1/thumb/v7e-m+fp/hard/libgcc.a(_udivmoddi4.o)

.debug_line_str
                0x00000000       0x59
 .debug_line_str
                0x00000000       0x59 ./Core/Startup/startup_stm32f407vgtx.o
